Archive member included to satisfy reference by file (symbol)

C:/ST/STM32CubeIDE_1.16.0/STM32CubeIDE/plugins/com.st.stm32cube.ide.mcu.externaltools.gnu-tools-for-stm32.12.3.rel1.win32_1.0.200.202406191623/tools/bin/../lib/gcc/arm-none-eabi/12.3.1/../../../../arm-none-eabi/lib/thumb/v7e-m+fp/hard\libc_nano.a(libc_a-exit.o)
                              C:/ST/STM32CubeIDE_1.16.0/STM32CubeIDE/plugins/com.st.stm32cube.ide.mcu.externaltools.gnu-tools-for-stm32.12.3.rel1.win32_1.0.200.202406191623/tools/bin/../lib/gcc/arm-none-eabi/12.3.1/../../../../arm-none-eabi/lib/thumb/v7e-m+fp/hard/crt0.o (exit)
C:/ST/STM32CubeIDE_1.16.0/STM32CubeIDE/plugins/com.st.stm32cube.ide.mcu.externaltools.gnu-tools-for-stm32.12.3.rel1.win32_1.0.200.202406191623/tools/bin/../lib/gcc/arm-none-eabi/12.3.1/../../../../arm-none-eabi/lib/thumb/v7e-m+fp/hard\libc_nano.a(libc_a-findfp.o)
                              C:/ST/STM32CubeIDE_1.16.0/STM32CubeIDE/plugins/com.st.stm32cube.ide.mcu.externaltools.gnu-tools-for-stm32.12.3.rel1.win32_1.0.200.202406191623/tools/bin/../lib/gcc/arm-none-eabi/12.3.1/../../../../arm-none-eabi/lib/thumb/v7e-m+fp/hard\libc_nano.a(libc_a-exit.o) (__stdio_exit_handler)
C:/ST/STM32CubeIDE_1.16.0/STM32CubeIDE/plugins/com.st.stm32cube.ide.mcu.externaltools.gnu-tools-for-stm32.12.3.rel1.win32_1.0.200.202406191623/tools/bin/../lib/gcc/arm-none-eabi/12.3.1/../../../../arm-none-eabi/lib/thumb/v7e-m+fp/hard\libc_nano.a(libc_a-fwalk.o)
                              C:/ST/STM32CubeIDE_1.16.0/STM32CubeIDE/plugins/com.st.stm32cube.ide.mcu.externaltools.gnu-tools-for-stm32.12.3.rel1.win32_1.0.200.202406191623/tools/bin/../lib/gcc/arm-none-eabi/12.3.1/../../../../arm-none-eabi/lib/thumb/v7e-m+fp/hard\libc_nano.a(libc_a-findfp.o) (_fwalk_sglue)
C:/ST/STM32CubeIDE_1.16.0/STM32CubeIDE/plugins/com.st.stm32cube.ide.mcu.externaltools.gnu-tools-for-stm32.12.3.rel1.win32_1.0.200.202406191623/tools/bin/../lib/gcc/arm-none-eabi/12.3.1/../../../../arm-none-eabi/lib/thumb/v7e-m+fp/hard\libc_nano.a(libc_a-printf.o)
                              ./Core/Src/rtc.o (printf)
C:/ST/STM32CubeIDE_1.16.0/STM32CubeIDE/plugins/com.st.stm32cube.ide.mcu.externaltools.gnu-tools-for-stm32.12.3.rel1.win32_1.0.200.202406191623/tools/bin/../lib/gcc/arm-none-eabi/12.3.1/../../../../arm-none-eabi/lib/thumb/v7e-m+fp/hard\libc_nano.a(libc_a-stdio.o)
                              C:/ST/STM32CubeIDE_1.16.0/STM32CubeIDE/plugins/com.st.stm32cube.ide.mcu.externaltools.gnu-tools-for-stm32.12.3.rel1.win32_1.0.200.202406191623/tools/bin/../lib/gcc/arm-none-eabi/12.3.1/../../../../arm-none-eabi/lib/thumb/v7e-m+fp/hard\libc_nano.a(libc_a-findfp.o) (__sread)
C:/ST/STM32CubeIDE_1.16.0/STM32CubeIDE/plugins/com.st.stm32cube.ide.mcu.externaltools.gnu-tools-for-stm32.12.3.rel1.win32_1.0.200.202406191623/tools/bin/../lib/gcc/arm-none-eabi/12.3.1/../../../../arm-none-eabi/lib/thumb/v7e-m+fp/hard\libc_nano.a(libc_a-memset.o)
                              C:/ST/STM32CubeIDE_1.16.0/STM32CubeIDE/plugins/com.st.stm32cube.ide.mcu.externaltools.gnu-tools-for-stm32.12.3.rel1.win32_1.0.200.202406191623/tools/bin/../lib/gcc/arm-none-eabi/12.3.1/../../../../arm-none-eabi/lib/thumb/v7e-m+fp/hard/crt0.o (memset)
C:/ST/STM32CubeIDE_1.16.0/STM32CubeIDE/plugins/com.st.stm32cube.ide.mcu.externaltools.gnu-tools-for-stm32.12.3.rel1.win32_1.0.200.202406191623/tools/bin/../lib/gcc/arm-none-eabi/12.3.1/../../../../arm-none-eabi/lib/thumb/v7e-m+fp/hard\libc_nano.a(libc_a-closer.o)
                              C:/ST/STM32CubeIDE_1.16.0/STM32CubeIDE/plugins/com.st.stm32cube.ide.mcu.externaltools.gnu-tools-for-stm32.12.3.rel1.win32_1.0.200.202406191623/tools/bin/../lib/gcc/arm-none-eabi/12.3.1/../../../../arm-none-eabi/lib/thumb/v7e-m+fp/hard\libc_nano.a(libc_a-stdio.o) (_close_r)
C:/ST/STM32CubeIDE_1.16.0/STM32CubeIDE/plugins/com.st.stm32cube.ide.mcu.externaltools.gnu-tools-for-stm32.12.3.rel1.win32_1.0.200.202406191623/tools/bin/../lib/gcc/arm-none-eabi/12.3.1/../../../../arm-none-eabi/lib/thumb/v7e-m+fp/hard\libc_nano.a(libc_a-reent.o)
                              C:/ST/STM32CubeIDE_1.16.0/STM32CubeIDE/plugins/com.st.stm32cube.ide.mcu.externaltools.gnu-tools-for-stm32.12.3.rel1.win32_1.0.200.202406191623/tools/bin/../lib/gcc/arm-none-eabi/12.3.1/../../../../arm-none-eabi/lib/thumb/v7e-m+fp/hard\libc_nano.a(libc_a-closer.o) (errno)
C:/ST/STM32CubeIDE_1.16.0/STM32CubeIDE/plugins/com.st.stm32cube.ide.mcu.externaltools.gnu-tools-for-stm32.12.3.rel1.win32_1.0.200.202406191623/tools/bin/../lib/gcc/arm-none-eabi/12.3.1/../../../../arm-none-eabi/lib/thumb/v7e-m+fp/hard\libc_nano.a(libc_a-impure.o)
                              C:/ST/STM32CubeIDE_1.16.0/STM32CubeIDE/plugins/com.st.stm32cube.ide.mcu.externaltools.gnu-tools-for-stm32.12.3.rel1.win32_1.0.200.202406191623/tools/bin/../lib/gcc/arm-none-eabi/12.3.1/../../../../arm-none-eabi/lib/thumb/v7e-m+fp/hard\libc_nano.a(libc_a-printf.o) (_impure_ptr)
[...]
Memory Configuration

Name             Origin             Length             Attributes
CCMRAM           0x10000000         0x00010000         xrw
RAM              0x20000000         0x00020000         xrw
FLASH            0x08000000         0x00100000         xr
*default*        0x00000000         0xffffffff

Linker script and memory map

LOAD C:/ST/STM32CubeIDE_1.16.0/STM32CubeIDE/plugins/com.st.stm32cube.ide.mcu.externaltools.gnu-tools-for-stm32.12.3.rel1.win32_1.0.200.202406191623/tools/bin/../lib/gcc/arm-none-eabi/12.3.1/thumb/v7e-m+fp/hard/crti.o
LOAD C:/ST/STM32CubeIDE_1.16.0/STM32CubeIDE/plugins/com.st.stm32cube.ide.mcu.externaltools.gnu-tools-for-stm32.12.3.rel1.win32_1.0.200.202406191623/tools/bin/../lib/gcc/arm-none-eabi/12.3.1/thumb/v7e-m+fp/hard/crtbegin.o
LOAD C:/ST/STM32CubeIDE_1.16.0/STM32CubeIDE/plugins/com.st.stm32cube.ide.mcu.externaltools.gnu-tools-for-stm32.12.3.rel1.win32_1.0.200.202406191623/tools/bin/../lib/gcc/arm-none-eabi/12.3.1/../../../../arm-none-eabi/lib/thumb/v7e-m+fp/hard/crt0.o
LOAD ./Core/Src/freertos.o
LOAD ./Core/Src/led_effectt.o
LOAD ./Core/Src/main.o
LOAD ./Core/Src/rtc.o
LOAD ./Core/Src/stm32f4xx_hal_msp.o
LOAD ./Core/Src/stm32f4xx_it.o
LOAD ./Core/Src/syscalls.o
LOAD ./Core/Src/sysmem.o
LOAD ./Core/Src/system_stm32f4xx.o
LOAD ./Core/Startup/startup_stm32f407vgtx.o
LOAD ./Drivers/STM32F4xx_HAL_Driver/Src/stm32f4xx_hal.o
LOAD ./Drivers/STM32F4xx_HAL_Driver/Src/stm32f4xx_hal_cortex.o
LOAD ./Drivers/STM32F4xx_HAL_Driver/Src/stm32f4xx_hal_dma.o
LOAD ./Drivers/STM32F4xx_HAL_Driver/Src/stm32f4xx_hal_dma_ex.o
LOAD ./Drivers/STM32F4xx_HAL_Driver/Src/stm32f4xx_hal_exti.o
LOAD ./Drivers/STM32F4xx_HAL_Driver/Src/stm32f4xx_hal_flash.o
LOAD ./Drivers/STM32F4xx_HAL_Driver/Src/stm32f4xx_hal_flash_ex.o
LOAD ./Drivers/STM32F4xx_HAL_Driver/Src/stm32f4xx_hal_flash_ramfunc.o
LOAD ./Drivers/STM32F4xx_HAL_Driver/Src/stm32f4xx_hal_gpio.o
LOAD ./Drivers/STM32F4xx_HAL_Driver/Src/stm32f4xx_hal_i2c.o
LOAD ./Drivers/STM32F4xx_HAL_Driver/Src/stm32f4xx_hal_i2c_ex.o
LOAD ./Drivers/STM32F4xx_HAL_Driver/Src/stm32f4xx_hal_pwr.o
LOAD ./Drivers/STM32F4xx_HAL_Driver/Src/stm32f4xx_hal_pwr_ex.o
LOAD ./Drivers/STM32F4xx_HAL_Driver/Src/stm32f4xx_hal_rcc.o
LOAD ./Drivers/STM32F4xx_HAL_Driver/Src/stm32f4xx_hal_rcc_ex.o
LOAD ./Drivers/STM32F4xx_HAL_Driver/Src/stm32f4xx_hal_rtc.o
LOAD ./Drivers/STM32F4xx_HAL_Driver/Src/stm32f4xx_hal_rtc_ex.o
LOAD ./Drivers/STM32F4xx_HAL_Driver/Src/stm32f4xx_hal_tim.o
LOAD ./Drivers/STM32F4xx_HAL_Driver/Src/stm32f4xx_hal_tim_ex.o
LOAD ./Middlewares/Third_Party/FreeRTOS/Source/CMSIS_RTOS/cmsis_os.o
LOAD ./Middlewares/Third_Party/FreeRTOS/Source/croutine.o
LOAD ./Middlewares/Third_Party/FreeRTOS/Source/event_groups.o
LOAD ./Middlewares/Third_Party/FreeRTOS/Source/list.o
LOAD ./Middlewares/Third_Party/FreeRTOS/Source/queue.o
LOAD ./Middlewares/Third_Party/FreeRTOS/Source/stream_buffer.o
LOAD ./Middlewares/Third_Party/FreeRTOS/Source/tasks.o
LOAD ./Middlewares/Third_Party/FreeRTOS/Source/timers.o
LOAD ./Middlewares/Third_Party/FreeRTOS/Source/portable/GCC/ARM_CM4F/port.o
LOAD ./Middlewares/Third_Party/FreeRTOS/Source/portable/MemMang/heap_4.o
START GROUP
LOAD C:/ST/STM32CubeIDE_1.16.0/STM32CubeIDE/plugins/com.st.stm32cube.ide.mcu.externaltools.gnu-tools-for-stm32.12.3.rel1.win32_1.0.200.202406191623/tools/bin/../lib/gcc/arm-none-eabi/12.3.1/../../../../arm-none-eabi/lib/thumb/v7e-m+fp/hard\libc_nano.a
LOAD C:/ST/STM32CubeIDE_1.16.0/STM32CubeIDE/plugins/com.st.stm32cube.ide.mcu.externaltools.gnu-tools-for-stm32.12.3.rel1.win32_1.0.200.202406191623/tools/bin/../lib/gcc/arm-none-eabi/12.3.1/../../../../arm-none-eabi/lib/thumb/v7e-m+fp/hard\libm.a
END GROUP
START GROUP
LOAD C:/ST/STM32CubeIDE_1.16.0/STM32CubeIDE/plugins/com.st.stm32cube.ide.mcu.externaltools.gnu-tools-for-stm32.12.3.rel1.win32_1.0.200.202406191623/tools/bin/../lib/gcc/arm-none-eabi/12.3.1/thumb/v7e-m+fp/hard\libgcc.a
LOAD C:/ST/STM32CubeIDE_1.16.0/STM32CubeIDE/plugins/com.st.stm32cube.ide.mcu.externaltools.gnu-tools-for-stm32.12.3.rel1.win32_1.0.200.202406191623/tools/bin/../lib/gcc/arm-none-eabi/12.3.1/../../../../arm-none-eabi/lib/thumb/v7e-m+fp/hard\libc_nano.a
END GROUP
START GROUP
LOAD C:/ST/STM32CubeIDE_1.16.0/STM32CubeIDE/plugins/com.st.stm32cube.ide.mcu.externaltools.gnu-tools-for-stm32.12.3.rel1.win32_1.0.200.202406191623/tools/bin/../lib/gcc/arm-none-eabi/12.3.1/thumb/v7e-m+fp/hard\libgcc.a
LOAD C:/ST/STM32CubeIDE_1.16.0/STM32CubeIDE/plugins/com.st.stm32cube.ide.mcu.externaltools.gnu-tools-for-stm32.12.3.rel1.win32_1.0.200.202406191623/tools/bin/../lib/gcc/arm-none-eabi/12.3.1/../../../../arm-none-eabi/lib/thumb/v7e-m+fp/hard\libc_nano.a
LOAD C:/ST/STM32CubeIDE_1.16.0/STM32CubeIDE/plugins/com.st.stm32cube.ide.mcu.externaltools.gnu-tools-for-stm32.12.3.rel1.win32_1.0.200.202406191623/tools/bin/../lib/gcc/arm-none-eabi/12.3.1/../../../../arm-none-eabi/lib/thumb/v7e-m+fp/hard\libnosys.a
END GROUP
START GROUP
LOAD C:/ST/STM32CubeIDE_1.16.0/STM32CubeIDE/plugins/com.st.stm32cube.ide.mcu.externaltools.gnu-tools-for-stm32.12.3.rel1.win32_1.0.200.202406191623/tools/bin/../lib/gcc/arm-none-eabi/12.3.1/thumb/v7e-m+fp/hard\libgcc.a
LOAD C:/ST/STM32CubeIDE_1.16.0/STM32CubeIDE/plugins/com.st.stm32cube.ide.mcu.externaltools.gnu-tools-for-stm32.12.3.rel1.win32_1.0.200.202406191623/tools/bin/../lib/gcc/arm-none-eabi/12.3.1/../../../../arm-none-eabi/lib/thumb/v7e-m+fp/hard\libc_nano.a
LOAD C:/ST/STM32CubeIDE_1.16.0/STM32CubeIDE/plugins/com.st.stm32cube.ide.mcu.externaltools.gnu-tools-for-stm32.12.3.rel1.win32_1.0.200.202406191623/tools/bin/../lib/gcc/arm-none-eabi/12.3.1/../../../../arm-none-eabi/lib/thumb/v7e-m+fp/hard\libnosys.a
END GROUP
LOAD C:/ST/STM32CubeIDE_1.16.0/STM32CubeIDE/plugins/com.st.stm32cube.ide.mcu.externaltools.gnu-tools-for-stm32.12.3.rel1.win32_1.0.200.202406191623/tools/bin/../lib/gcc/arm-none-eabi/12.3.1/thumb/v7e-m+fp/hard/crtend.o
LOAD C:/ST/STM32CubeIDE_1.16.0/STM32CubeIDE/plugins/com.st.stm32cube.ide.mcu.externaltools.gnu-tools-for-stm32.12.3.rel1.win32_1.0.200.202406191623/tools/bin/../lib/gcc/arm-none-eabi/12.3.1/thumb/v7e-m+fp/hard/crtn.o
                0x20020000                        _estack = (ORIGIN (RAM) + LENGTH (RAM))
                0x00000200                        _Min_Heap_Size = 0x200
                0x00000400                        _Min_Stack_Size = 0x400

.isr_vector     0x08000000      0x188
                0x08000000                        . = ALIGN (0x4)
 *(.isr_vector)
 .isr_vector    0x08000000      0x188 ./Core/Startup/startup_stm32f407vgtx.o
                0x08000000                g_pfnVectors
                0x08000188                        . = ALIGN (0x4)

.text           0x08000190     0x5004
                0x08000190                        . = ALIGN (0x4)
 *(.text)
 .text          0x08000190       0x40 C:/ST/STM32CubeIDE_1.16.0/STM32CubeIDE/plugins/com.st.stm32cube.ide.mcu.externaltools.gnu-tools-for-stm32.12.3.rel1.win32_1.0.200.202406191623/tools/bin/../lib/gcc/arm-none-eabi/12.3.1/thumb/v7e-m+fp/hard/crtbegin.o
 .text          0x080001d0       0x30 C:/ST/STM32CubeIDE_1.16.0/STM32CubeIDE/plugins/com.st.stm32cube.ide.mcu.externaltools.gnu-tools-for-stm32.12.3.rel1.win32_1.0.200.202406191623/tools/bin/../lib/gcc/arm-none-eabi/12.3.1/thumb/v7e-m+fp/hard\libgcc.a(_aeabi_uldivmod.o)
                0x080001d0                __aeabi_uldivmod
 .text          0x08000200      0x2bc C:/ST/STM32CubeIDE_1.16.0/STM32CubeIDE/plugins/com.st.stm32cube.ide.mcu.externaltools.gnu-tools-for-stm32.12.3.rel1.win32_1.0.200.202406191623/tools/bin/../lib/gcc/arm-none-eabi/12.3.1/thumb/v7e-m+fp/hard\libgcc.a(_udivmoddi4.o)
                0x08000200                __udivmoddi4
 .text          0x080004bc        0x4 C:/ST/STM32CubeIDE_1.16.0/STM32CubeIDE/plugins/com.st.stm32cube.ide.mcu.externaltools.gnu-tools-for-stm32.12.3.rel1.win32_1.0.200.202406191623/tools/bin/../lib/gcc/arm-none-eabi/12.3.1/thumb/v7e-m+fp/hard\libgcc.a(_dvmd_tls.o)
                0x080004bc                __aeabi_idiv0
                0x080004bc                __aeabi_ldiv0
 *(.text*)
 .text.vApplicationGetIdleTaskMemory
                0x080004c0       0x34 ./Core/Src/freertos.o
                0x080004c0                vApplicationGetIdleTaskMemory
 .text.vApplicationGetTimerTaskMemory
                0x080004f4       0x34 ./Core/Src/freertos.o
                0x080004f4                vApplicationGetTimerTaskMemory
 .text.led_effect_stop
                0x08000528       0x30 ./Core/Src/led_effectt.o
                0x08000528                led_effect_stop
 .text.led_effect
                0x08000558       0x3c ./Core/Src/led_effectt.o
                0x08000558                led_effect
 .text.led_effect1
                0x08000594       0x44 ./Core/Src/led_effectt.o
                0x08000594                led_effect1
 .text.led_effect2
                0x080005d8       0x48 ./Core/Src/led_effectt.o
                0x080005d8                led_effect2
 .text.led_effect3
                0x08000620       0x50 ./Core/Src/led_effectt.o
                0x08000620                led_effect3
 .text.led_effect4
                0x08000670       0x50 ./Core/Src/led_effectt.o
                0x08000670                led_effect4
 .text.main     0x080006c0       0x98 ./Core/Src/main.o
                0x080006c0                main
 .text.SystemClock_Config
                0x08000758       0xd8 ./Core/Src/main.o
                0x08000758                SystemClock_Config
 .text.MX_I2C1_Init
                0x08000830       0x5c ./Core/Src/main.o
 .text.MX_I2C2_Init
                0x0800088c       0x5c ./Core/Src/main.o
 .text.MX_RTC_Init
                0x080008e8      0x118 ./Core/Src/main.o
 .text.MX_GPIO_Init
                0x08000a00       0xdc ./Core/Src/main.o
 .text.led_effect_callback
                0x08000adc       0x50 ./Core/Src/main.o
                0x08000adc                led_effect_callback
 .text.Error_Handler
                0x08000b2c        0xc ./Core/Src/main.o
                0x08000b2c                Error_Handler
 .text.HAL_MspInit
                0x08000b38       0x58 ./Core/Src/stm32f4xx_hal_msp.o
                0x08000b38                HAL_MspInit
 .text.HAL_I2C_MspInit
                0x08000b90       0xf8 ./Core/Src/stm32f4xx_hal_msp.o
                0x08000b90                HAL_I2C_MspInit
 .text.HAL_RTC_MspInit
                0x08000c88       0x54 ./Core/Src/stm32f4xx_hal_msp.o
                0x08000c88                HAL_RTC_MspInit
 .text.NMI_Handler
                0x08000cdc        0x8 ./Core/Src/stm32f4xx_it.o
                0x08000cdc                NMI_Handler
 .text.HardFault_Handler
                0x08000ce4        0x8 ./Core/Src/stm32f4xx_it.o
                0x08000ce4                HardFault_Handler
 .text.MemManage_Handler
                0x08000cec        0x8 ./Core/Src/stm32f4xx_it.o
                0x08000cec                MemManage_Handler
 .text.BusFault_Handler
                0x08000cf4        0x8 ./Core/Src/stm32f4xx_it.o
                0x08000cf4                BusFault_Handler
 .text.UsageFault_Handler
                0x08000cfc        0x8 ./Core/Src/stm32f4xx_it.o
                0x08000cfc                UsageFault_Handler
 .text.DebugMon_Handler
                0x08000d04        0xe ./Core/Src/stm32f4xx_it.o
                0x08000d04                DebugMon_Handler
 .text.SysTick_Handler
                0x08000d12       0x1a ./Core/Src/stm32f4xx_it.o
                0x08000d12                SysTick_Handler
 .text.SystemInit
                0x08000d2c       0x24 ./Core/Src/system_stm32f4xx.o
                0x08000d2c                SystemInit
 .text.Reset_Handler
                0x08000d50       0x50 ./Core/Startup/startup_stm32f407vgtx.o
                0x08000d50                Reset_Handler
 .text.Default_Handler
                0x08000da0        0x2 ./Core/Startup/startup_stm32f407vgtx.o
                0x08000da0                RTC_Alarm_IRQHandler
                0x08000da0                HASH_RNG_IRQHandler
                0x08000da0                EXTI2_IRQHandler
                0x08000da0                TIM8_CC_IRQHandler
                0x08000da0                TIM1_CC_IRQHandler
                0x08000da0                DMA2_Stream5_IRQHandler
                0x08000da0                DMA1_Stream5_IRQHandler
                0x08000da0                PVD_IRQHandler
                0x08000da0                SDIO_IRQHandler
                0x08000da0                TAMP_STAMP_IRQHandler
                0x08000da0                CAN2_RX1_IRQHandler
                0x08000da0                EXTI3_IRQHandler
                0x08000da0                TIM8_TRG_COM_TIM14_IRQHandler
                0x08000da0                TIM1_UP_TIM10_IRQHandler
                0x08000da0                TIM8_UP_TIM13_IRQHandler
                0x08000da0                I2C3_ER_IRQHandler
                0x08000da0                EXTI0_IRQHandler
                0x08000da0                I2C2_EV_IRQHandler
                0x08000da0                DMA1_Stream2_IRQHandler
                0x08000da0                CAN1_RX0_IRQHandler
                0x08000da0                FPU_IRQHandler
                0x08000da0                OTG_HS_WKUP_IRQHandler
                0x08000da0                CAN2_SCE_IRQHandler
                0x08000da0                DMA2_Stream2_IRQHandler
                0x08000da0                SPI1_IRQHandler
                0x08000da0                TIM6_DAC_IRQHandler
                0x08000da0                TIM1_BRK_TIM9_IRQHandler
                0x08000da0                DCMI_IRQHandler
                0x08000da0                CAN2_RX0_IRQHandler
                0x08000da0                DMA2_Stream3_IRQHandler
                0x08000da0                USART6_IRQHandler
                0x08000da0                USART3_IRQHandler
                0x08000da0                CAN1_RX1_IRQHandler
                0x08000da0                UART5_IRQHandler
                0x08000da0                DMA2_Stream0_IRQHandler
                0x08000da0                TIM4_IRQHandler
                0x08000da0                I2C1_EV_IRQHandler
                0x08000da0                DMA1_Stream6_IRQHandler
                0x08000da0                DMA1_Stream1_IRQHandler
                0x08000da0                UART4_IRQHandler
                0x08000da0                TIM3_IRQHandler
                0x08000da0                RCC_IRQHandler
                0x08000da0                TIM8_BRK_TIM12_IRQHandler
                0x08000da0                Default_Handler
                0x08000da0                EXTI15_10_IRQHandler
                0x08000da0                ADC_IRQHandler
                0x08000da0                DMA1_Stream7_IRQHandler
                0x08000da0                TIM7_IRQHandler
                0x08000da0                CAN2_TX_IRQHandler
                0x08000da0                TIM5_IRQHandler
                0x08000da0                DMA2_Stream7_IRQHandler
                0x08000da0                I2C3_EV_IRQHandler
                0x08000da0                EXTI9_5_IRQHandler
                0x08000da0                RTC_WKUP_IRQHandler
                0x08000da0                ETH_WKUP_IRQHandler
                0x08000da0                SPI2_IRQHandler
                0x08000da0                OTG_HS_EP1_IN_IRQHandler
                0x08000da0                DMA1_Stream0_IRQHandler
                0x08000da0                CAN1_TX_IRQHandler
                0x08000da0                EXTI4_IRQHandler
                0x08000da0                FSMC_IRQHandler
                0x08000da0                ETH_IRQHandler
                0x08000da0                OTG_HS_EP1_OUT_IRQHandler
                0x08000da0                WWDG_IRQHandler
                0x08000da0                TIM2_IRQHandler
                0x08000da0                OTG_FS_WKUP_IRQHandler
                0x08000da0                TIM1_TRG_COM_TIM11_IRQHandler
                0x08000da0                OTG_HS_IRQHandler
                0x08000da0                EXTI1_IRQHandler
                0x08000da0                USART2_IRQHandler
                0x08000da0                I2C2_ER_IRQHandler
                0x08000da0                DMA2_Stream1_IRQHandler
                0x08000da0                CAN1_SCE_IRQHandler
                0x08000da0                FLASH_IRQHandler
                0x08000da0                DMA2_Stream4_IRQHandler
                0x08000da0                USART1_IRQHandler
                0x08000da0                OTG_FS_IRQHandler
                0x08000da0                SPI3_IRQHandler
                0x08000da0                DMA1_Stream4_IRQHandler
                0x08000da0                I2C1_ER_IRQHandler
                0x08000da0                DMA2_Stream6_IRQHandler
                0x08000da0                DMA1_Stream3_IRQHandler
 *fill*         0x08000da2        0x2 
 .text.HAL_Init
                0x08000da4       0x44 ./Drivers/STM32F4xx_HAL_Driver/Src/stm32f4xx_hal.o
                0x08000da4                HAL_Init
 .text.HAL_InitTick
                0x08000de8       0x60 ./Drivers/STM32F4xx_HAL_Driver/Src/stm32f4xx_hal.o
                0x08000de8                HAL_InitTick
 .text.HAL_IncTick
                0x08000e48       0x28 ./Drivers/STM32F4xx_HAL_Driver/Src/stm32f4xx_hal.o
                0x08000e48                HAL_IncTick
 .text.HAL_GetTick
                0x08000e70       0x18 ./Drivers/STM32F4xx_HAL_Driver/Src/stm32f4xx_hal.o
                0x08000e70                HAL_GetTick
 .text.HAL_Delay
                0x08000e88       0x48 ./Drivers/STM32F4xx_HAL_Driver/Src/stm32f4xx_hal.o
                0x08000e88                HAL_Delay
 .text.__NVIC_SetPriorityGrouping
                0x08000ed0       0x48 ./Drivers/STM32F4xx_HAL_Driver/Src/stm32f4xx_hal_cortex.o
 .text.__NVIC_GetPriorityGrouping
                0x08000f18       0x1c ./Drivers/STM32F4xx_HAL_Driver/Src/stm32f4xx_hal_cortex.o
 .text.__NVIC_SetPriority
                0x08000f34       0x54 ./Drivers/STM32F4xx_HAL_Driver/Src/stm32f4xx_hal_cortex.o
 .text.NVIC_EncodePriority
                0x08000f88       0x66 ./Drivers/STM32F4xx_HAL_Driver/Src/stm32f4xx_hal_cortex.o
 *fill*         0x08000fee        0x2 
 .text.SysTick_Config
                0x08000ff0       0x44 ./Drivers/STM32F4xx_HAL_Driver/Src/stm32f4xx_hal_cortex.o
 .text.HAL_NVIC_SetPriorityGrouping
                0x08001034       0x16 ./Drivers/STM32F4xx_HAL_Driver/Src/stm32f4xx_hal_cortex.o
                0x08001034                HAL_NVIC_SetPriorityGrouping
 .text.HAL_NVIC_SetPriority
                0x0800104a       0x38 ./Drivers/STM32F4xx_HAL_Driver/Src/stm32f4xx_hal_cortex.o
                0x0800104a                HAL_NVIC_SetPriority
 .text.HAL_SYSTICK_Config
                0x08001082       0x18 ./Drivers/STM32F4xx_HAL_Driver/Src/stm32f4xx_hal_cortex.o
                0x08001082                HAL_SYSTICK_Config
 *fill*         0x0800109a        0x2 
 .text.HAL_GPIO_Init
                0x0800109c      0x338 ./Drivers/STM32F4xx_HAL_Driver/Src/stm32f4xx_hal_gpio.o
                0x0800109c                HAL_GPIO_Init
 .text.HAL_GPIO_WritePin
                0x080013d4       0x32 ./Drivers/STM32F4xx_HAL_Driver/Src/stm32f4xx_hal_gpio.o
                0x080013d4                HAL_GPIO_WritePin
 .text.HAL_GPIO_TogglePin
                0x08001406       0x34 ./Drivers/STM32F4xx_HAL_Driver/Src/stm32f4xx_hal_gpio.o
                0x08001406                HAL_GPIO_TogglePin
 *fill*         0x0800143a        0x2 
 .text.HAL_I2C_Init
                0x0800143c      0x288 ./Drivers/STM32F4xx_HAL_Driver/Src/stm32f4xx_hal_i2c.o
                0x0800143c                HAL_I2C_Init
 .text.HAL_RCC_OscConfig
                0x080016c4      0x4f0 ./Drivers/STM32F4xx_HAL_Driver/Src/stm32f4xx_hal_rcc.o
                0x080016c4                HAL_RCC_OscConfig
 .text.HAL_RCC_ClockConfig
                0x08001bb4      0x1cc ./Drivers/STM32F4xx_HAL_Driver/Src/stm32f4xx_hal_rcc.o
                0x08001bb4                HAL_RCC_ClockConfig
 .text.HAL_RCC_GetSysClockFreq
                0x08001d80      0x18c ./Drivers/STM32F4xx_HAL_Driver/Src/stm32f4xx_hal_rcc.o
                0x08001d80                HAL_RCC_GetSysClockFreq
 .text.HAL_RCC_GetHCLKFreq
                0x08001f0c       0x18 ./Drivers/STM32F4xx_HAL_Driver/Src/stm32f4xx_hal_rcc.o
                0x08001f0c                HAL_RCC_GetHCLKFreq
 .text.HAL_RCC_GetPCLK1Freq
                0x08001f24       0x28 ./Drivers/STM32F4xx_HAL_Driver/Src/stm32f4xx_hal_rcc.o
                0x08001f24                HAL_RCC_GetPCLK1Freq
 .text.HAL_RCCEx_PeriphCLKConfig
                0x08001f4c      0x1c4 ./Drivers/STM32F4xx_HAL_Driver/Src/stm32f4xx_hal_rcc_ex.o
                0x08001f4c                HAL_RCCEx_PeriphCLKConfig
 .text.HAL_RTC_Init
                0x08002110      0x106 ./Drivers/STM32F4xx_HAL_Driver/Src/stm32f4xx_hal_rtc.o
                0x08002110                HAL_RTC_Init
 .text.HAL_RTC_SetTime
                0x08002216      0x134 ./Drivers/STM32F4xx_HAL_Driver/Src/stm32f4xx_hal_rtc.o
                0x08002216                HAL_RTC_SetTime
 .text.HAL_RTC_SetDate
                0x0800234a      0x108 ./Drivers/STM32F4xx_HAL_Driver/Src/stm32f4xx_hal_rtc.o
                0x0800234a                HAL_RTC_SetDate
 .text.HAL_RTC_SetAlarm
                0x08002452      0x254 ./Drivers/STM32F4xx_HAL_Driver/Src/stm32f4xx_hal_rtc.o
                0x08002452                HAL_RTC_SetAlarm
 *fill*         0x080026a6        0x2 
 .text.HAL_RTC_WaitForSynchro
                0x080026a8       0x4c ./Drivers/STM32F4xx_HAL_Driver/Src/stm32f4xx_hal_rtc.o
                0x080026a8                HAL_RTC_WaitForSynchro
 .text.RTC_EnterInitMode
                0x080026f4       0x6e ./Drivers/STM32F4xx_HAL_Driver/Src/stm32f4xx_hal_rtc.o
                0x080026f4                RTC_EnterInitMode
 .text.RTC_ExitInitMode
                0x08002762       0x4a ./Drivers/STM32F4xx_HAL_Driver/Src/stm32f4xx_hal_rtc.o
                0x08002762                RTC_ExitInitMode
 .text.RTC_ByteToBcd2
                0x080027ac       0x3c ./Drivers/STM32F4xx_HAL_Driver/Src/stm32f4xx_hal_rtc.o
                0x080027ac                RTC_ByteToBcd2
 .text.vListInitialise
                0x080027e8       0x40 ./Middlewares/Third_Party/FreeRTOS/Source/list.o
                0x080027e8                vListInitialise
 .text.vListInitialiseItem
                0x08002828       0x1a ./Middlewares/Third_Party/FreeRTOS/Source/list.o
                0x08002828                vListInitialiseItem
 .text.vListInsertEnd
                0x08002842       0x48 ./Middlewares/Third_Party/FreeRTOS/Source/list.o
                0x08002842                vListInsertEnd
 .text.vListInsert
                0x0800288a       0x72 ./Middlewares/Third_Party/FreeRTOS/Source/list.o
                0x0800288a                vListInsert
 .text.uxListRemove
                0x080028fc       0x54 ./Middlewares/Third_Party/FreeRTOS/Source/list.o
                0x080028fc                uxListRemove
 .text.xQueueGenericReset
                0x08002950       0xd4 ./Middlewares/Third_Party/FreeRTOS/Source/queue.o
                0x08002950                xQueueGenericReset
 .text.xQueueGenericCreateStatic
                0x08002a24       0xfa ./Middlewares/Third_Party/FreeRTOS/Source/queue.o
                0x08002a24                xQueueGenericCreateStatic
 .text.xQueueGenericCreate
                0x08002b1e       0x76 ./Middlewares/Third_Party/FreeRTOS/Source/queue.o
                0x08002b1e                xQueueGenericCreate
 .text.prvInitialiseNewQueue
                0x08002b94       0x3e ./Middlewares/Third_Party/FreeRTOS/Source/queue.o
 *fill*         0x08002bd2        0x2 
 .text.xQueueGenericSend
                0x08002bd4      0x204 ./Middlewares/Third_Party/FreeRTOS/Source/queue.o
                0x08002bd4                xQueueGenericSend
 .text.xQueueGenericSendFromISR
                0x08002dd8      0x13c ./Middlewares/Third_Party/FreeRTOS/Source/queue.o
                0x08002dd8                xQueueGenericSendFromISR
 .text.xQueueReceive
                0x08002f14      0x1c4 ./Middlewares/Third_Party/FreeRTOS/Source/queue.o
                0x08002f14                xQueueReceive
 .text.prvCopyDataToQueue
                0x080030d8       0xd4 ./Middlewares/Third_Party/FreeRTOS/Source/queue.o
 .text.prvCopyDataFromQueue
                0x080031ac       0x4c ./Middlewares/Third_Party/FreeRTOS/Source/queue.o
 .text.prvUnlockQueue
                0x080031f8       0xa4 ./Middlewares/Third_Party/FreeRTOS/Source/queue.o
 .text.prvIsQueueEmpty
                0x0800329c       0x2c ./Middlewares/Third_Party/FreeRTOS/Source/queue.o
 .text.prvIsQueueFull
                0x080032c8       0x30 ./Middlewares/Third_Party/FreeRTOS/Source/queue.o
 .text.vQueueAddToRegistry
                0x080032f8       0x54 ./Middlewares/Third_Party/FreeRTOS/Source/queue.o
                0x080032f8                vQueueAddToRegistry
 .text.vQueueWaitForMessageRestricted
                0x0800334c       0x68 ./Middlewares/Third_Party/FreeRTOS/Source/queue.o
                0x0800334c                vQueueWaitForMessageRestricted
 .text.xTaskCreateStatic
                0x080033b4       0xc0 ./Middlewares/Third_Party/FreeRTOS/Source/tasks.o
                0x080033b4                xTaskCreateStatic
 .text.prvInitialiseNewTask
                0x08003474      0x110 ./Middlewares/Third_Party/FreeRTOS/Source/tasks.o
 .text.prvAddNewTaskToReadyList
                0x08003584       0xd4 ./Middlewares/Third_Party/FreeRTOS/Source/tasks.o
 .text.vTaskStartScheduler
                0x08003658       0xd0 ./Middlewares/Third_Party/FreeRTOS/Source/tasks.o
                0x08003658                vTaskStartScheduler
 .text.vTaskSuspendAll
                0x08003728       0x1c ./Middlewares/Third_Party/FreeRTOS/Source/tasks.o
                0x08003728                vTaskSuspendAll
 .text.xTaskResumeAll
                0x08003744      0x13c ./Middlewares/Third_Party/FreeRTOS/Source/tasks.o
                0x08003744                xTaskResumeAll
 .text.xTaskGetTickCount
                0x08003880       0x20 ./Middlewares/Third_Party/FreeRTOS/Source/tasks.o
                0x08003880                xTaskGetTickCount
 .text.xTaskIncrementTick
                0x080038a0      0x174 ./Middlewares/Third_Party/FreeRTOS/Source/tasks.o
                0x080038a0                xTaskIncrementTick
 .text.vTaskSwitchContext
                0x08003a14       0xb8 ./Middlewares/Third_Party/FreeRTOS/Source/tasks.o
                0x08003a14                vTaskSwitchContext
 .text.vTaskPlaceOnEventList
                0x08003acc       0x4c ./Middlewares/Third_Party/FreeRTOS/Source/tasks.o
                0x08003acc                vTaskPlaceOnEventList
 .text.vTaskPlaceOnEventListRestricted
                0x08003b18       0x58 ./Middlewares/Third_Party/FreeRTOS/Source/tasks.o
                0x08003b18                vTaskPlaceOnEventListRestricted
 .text.xTaskRemoveFromEventList
                0x08003b70       0xc8 ./Middlewares/Third_Party/FreeRTOS/Source/tasks.o
                0x08003b70                xTaskRemoveFromEventList
 .text.vTaskInternalSetTimeOutState
                0x08003c38       0x2c ./Middlewares/Third_Party/FreeRTOS/Source/tasks.o
                0x08003c38                vTaskInternalSetTimeOutState
 .text.xTaskCheckForTimeOut
                0x08003c64       0xc8 ./Middlewares/Third_Party/FreeRTOS/Source/tasks.o
                0x08003c64                xTaskCheckForTimeOut
 .text.vTaskMissedYield
                0x08003d2c       0x18 ./Middlewares/Third_Party/FreeRTOS/Source/tasks.o
                0x08003d2c                vTaskMissedYield
 .text.prvIdleTask
                0x08003d44       0x30 ./Middlewares/Third_Party/FreeRTOS/Source/tasks.o
 .text.prvInitialiseTaskLists
                0x08003d74       0x80 ./Middlewares/Third_Party/FreeRTOS/Source/tasks.o
 .text.prvCheckTasksWaitingTermination
                0x08003df4       0x5c ./Middlewares/Third_Party/FreeRTOS/Source/tasks.o
 .text.prvDeleteTCB
                0x08003e50       0x60 ./Middlewares/Third_Party/FreeRTOS/Source/tasks.o
 .text.prvResetNextTaskUnblockTime
                0x08003eb0       0x40 ./Middlewares/Third_Party/FreeRTOS/Source/tasks.o
 .text.xTaskGetSchedulerState
                0x08003ef0       0x3c ./Middlewares/Third_Party/FreeRTOS/Source/tasks.o
                0x08003ef0                xTaskGetSchedulerState
 .text.xTaskPriorityDisinherit
                0x08003f2c      0x110 ./Middlewares/Third_Party/FreeRTOS/Source/tasks.o
                0x08003f2c                xTaskPriorityDisinherit
 .text.prvAddCurrentTaskToDelayedList
                0x0800403c       0xcc ./Middlewares/Third_Party/FreeRTOS/Source/tasks.o
 .text.xTimerCreateTimerTask
                0x08004108       0x94 ./Middlewares/Third_Party/FreeRTOS/Source/timers.o
                0x08004108                xTimerCreateTimerTask
 .text.xTimerCreate
                0x0800419c       0x42 ./Middlewares/Third_Party/FreeRTOS/Source/timers.o
                0x0800419c                xTimerCreate
 .text.prvInitialiseNewTimer
                0x080041de       0x78 ./Middlewares/Third_Party/FreeRTOS/Source/timers.o
 *fill*         0x08004256        0x2 
 .text.xTimerGenericCommand
                0x08004258       0x9c ./Middlewares/Third_Party/FreeRTOS/Source/timers.o
                0x08004258                xTimerGenericCommand
 .text.prvProcessExpiredTimer
                0x080042f4       0x9c ./Middlewares/Third_Party/FreeRTOS/Source/timers.o
 .text.prvTimerTask
                0x08004390       0x26 ./Middlewares/Third_Party/FreeRTOS/Source/timers.o
 *fill*         0x080043b6        0x2 
 .text.prvProcessTimerOrBlockTask
                0x080043b8       0x9c ./Middlewares/Third_Party/FreeRTOS/Source/timers.o
 .text.prvGetNextExpireTime
                0x08004454       0x48 ./Middlewares/Third_Party/FreeRTOS/Source/timers.o
 .text.prvSampleTimeNow
                0x0800449c       0x40 ./Middlewares/Third_Party/FreeRTOS/Source/timers.o
 .text.prvInsertTimerInActiveList
                0x080044dc       0x84 ./Middlewares/Third_Party/FreeRTOS/Source/timers.o
 .text.prvProcessReceivedCommands
                0x08004560      0x194 ./Middlewares/Third_Party/FreeRTOS/Source/timers.o
 .text.prvSwitchTimerLists
                0x080046f4       0xcc ./Middlewares/Third_Party/FreeRTOS/Source/timers.o
 .text.prvCheckForValidListAndQueue
                0x080047c0       0x80 ./Middlewares/Third_Party/FreeRTOS/Source/timers.o
 .text.pvTimerGetTimerID
                0x08004840       0x42 ./Middlewares/Third_Party/FreeRTOS/Source/timers.o
                0x08004840                pvTimerGetTimerID
 *fill*         0x08004882        0x2 
 .text.pxPortInitialiseStack
                0x08004884       0x68 ./Middlewares/Third_Party/FreeRTOS/Source/portable/GCC/ARM_CM4F/port.o
                0x08004884                pxPortInitialiseStack
 .text.prvTaskExitError
                0x080048ec       0x5c ./Middlewares/Third_Party/FreeRTOS/Source/portable/GCC/ARM_CM4F/port.o
 *fill*         0x08004948        0x8 
 .text.SVC_Handler
                0x08004950       0x28 ./Middlewares/Third_Party/FreeRTOS/Source/portable/GCC/ARM_CM4F/port.o
                0x08004950                SVC_Handler
 .text.prvPortStartFirstTask
                0x08004978       0x28 ./Middlewares/Third_Party/FreeRTOS/Source/portable/GCC/ARM_CM4F/port.o
 .text.xPortStartScheduler
                0x080049a0      0x148 ./Middlewares/Third_Party/FreeRTOS/Source/portable/GCC/ARM_CM4F/port.o
                0x080049a0                xPortStartScheduler
 .text.vPortEnterCritical
                0x08004ae8       0x64 ./Middlewares/Third_Party/FreeRTOS/Source/portable/GCC/ARM_CM4F/port.o
                0x08004ae8                vPortEnterCritical
 .text.vPortExitCritical
                0x08004b4c       0x54 ./Middlewares/Third_Party/FreeRTOS/Source/portable/GCC/ARM_CM4F/port.o
                0x08004b4c                vPortExitCritical
 .text.PendSV_Handler
                0x08004ba0       0x68 ./Middlewares/Third_Party/FreeRTOS/Source/portable/GCC/ARM_CM4F/port.o
                0x08004ba0                PendSV_Handler
 .text.xPortSysTickHandler
                0x08004c08       0x44 ./Middlewares/Third_Party/FreeRTOS/Source/portable/GCC/ARM_CM4F/port.o
                0x08004c08                xPortSysTickHandler
 .text.vPortSetupTimerInterrupt
                0x08004c4c       0x48 ./Middlewares/Third_Party/FreeRTOS/Source/portable/GCC/ARM_CM4F/port.o
                0x08004c4c                vPortSetupTimerInterrupt
 .text.vPortEnableVFP
                0x08004c94       0x14 ./Middlewares/Third_Party/FreeRTOS/Source/portable/GCC/ARM_CM4F/port.o
 .text.vPortValidateInterruptPriority
                0x08004ca8       0x84 ./Middlewares/Third_Party/FreeRTOS/Source/portable/GCC/ARM_CM4F/port.o
                0x08004ca8                vPortValidateInterruptPriority
 .text.pvPortMalloc
                0x08004d2c      0x19c ./Middlewares/Third_Party/FreeRTOS/Source/portable/MemMang/heap_4.o
                0x08004d2c                pvPortMalloc
 .text.vPortFree
                0x08004ec8       0xc8 ./Middlewares/Third_Party/FreeRTOS/Source/portable/MemMang/heap_4.o
                0x08004ec8                vPortFree
 .text.prvHeapInit
                0x08004f90       0xc4 ./Middlewares/Third_Party/FreeRTOS/Source/portable/MemMang/heap_4.o
 .text.prvInsertBlockIntoFreeList
                0x08005054       0xb4 ./Middlewares/Third_Party/FreeRTOS/Source/portable/MemMang/heap_4.o
 .text.memset   0x08005108       0x10 C:/ST/STM32CubeIDE_1.16.0/STM32CubeIDE/plugins/com.st.stm32cube.ide.mcu.externaltools.gnu-tools-for-stm32.12.3.rel1.win32_1.0.200.202406191623/tools/bin/../lib/gcc/arm-none-eabi/12.3.1/../../../../arm-none-eabi/lib/thumb/v7e-m+fp/hard\libc_nano.a(libc_a-memset.o)
                0x08005108                memset
 .text.__libc_init_array
                0x08005118       0x48 C:/ST/STM32CubeIDE_1.16.0/STM32CubeIDE/plugins/com.st.stm32cube.ide.mcu.externaltools.gnu-tools-for-stm32.12.3.rel1.win32_1.0.200.202406191623/tools/bin/../lib/gcc/arm-none-eabi/12.3.1/../../../../arm-none-eabi/lib/thumb/v7e-m+fp/hard\libc_nano.a(libc_a-init.o)
                0x08005118                __libc_init_array
 .text.memcpy   0x08005160       0x1c C:/ST/STM32CubeIDE_1.16.0/STM32CubeIDE/plugins/com.st.stm32cube.ide.mcu.externaltools.gnu-tools-for-stm32.12.3.rel1.win32_1.0.200.202406191623/tools/bin/../lib/gcc/arm-none-eabi/12.3.1/../../../../arm-none-eabi/lib/thumb/v7e-m+fp/hard\libc_nano.a(libc_a-memcpy-stub.o)
                0x08005160                memcpy
 *(.glue_7)
 .glue_7        0x0800517c        0x0 linker stubs
 *(.glue_7t)
 .glue_7t       0x0800517c        0x0 linker stubs
 *(.eh_frame)
 .eh_frame      0x0800517c        0x0 C:/ST/STM32CubeIDE_1.16.0/STM32CubeIDE/plugins/com.st.stm32cube.ide.mcu.externaltools.gnu-tools-for-stm32.12.3.rel1.win32_1.0.200.202406191623/tools/bin/../lib/gcc/arm-none-eabi/12.3.1/thumb/v7e-m+fp/hard/crtbegin.o
 *(.init)
 .init          0x0800517c        0x4 C:/ST/STM32CubeIDE_1.16.0/STM32CubeIDE/plugins/com.st.stm32cube.ide.mcu.externaltools.gnu-tools-for-stm32.12.3.rel1.win32_1.0.200.202406191623/tools/bin/../lib/gcc/arm-none-eabi/12.3.1/thumb/v7e-m+fp/hard/crti.o
                0x0800517c                _init
 .init          0x08005180        0x8 C:/ST/STM32CubeIDE_1.16.0/STM32CubeIDE/plugins/com.st.stm32cube.ide.mcu.externaltools.gnu-tools-for-stm32.12.3.rel1.win32_1.0.200.202406191623/tools/bin/../lib/gcc/arm-none-eabi/12.3.1/thumb/v7e-m+fp/hard/crtn.o
 *(.fini)
 .fini          0x08005188        0x4 C:/ST/STM32CubeIDE_1.16.0/STM32CubeIDE/plugins/com.st.stm32cube.ide.mcu.externaltools.gnu-tools-for-stm32.12.3.rel1.win32_1.0.200.202406191623/tools/bin/../lib/gcc/arm-none-eabi/12.3.1/thumb/v7e-m+fp/hard/crti.o
                0x08005188                _fini
 .fini          0x0800518c        0x8 C:/ST/STM32CubeIDE_1.16.0/STM32CubeIDE/plugins/com.st.stm32cube.ide.mcu.externaltools.gnu-tools-for-stm32.12.3.rel1.win32_1.0.200.202406191623/tools/bin/../lib/gcc/arm-none-eabi/12.3.1/thumb/v7e-m+fp/hard/crtn.o
                0x08005194                        . = ALIGN (0x4)
                0x08005194                        _etext = .

.vfp11_veneer   0x08005194        0x0
 .vfp11_veneer  0x08005194        0x0 linker stubs

.v4_bx          0x08005194        0x0
 .v4_bx         0x08005194        0x0 linker stubs

.iplt           0x08005194        0x0
 .iplt          0x08005194        0x0 C:/ST/STM32CubeIDE_1.16.0/STM32CubeIDE/plugins/com.st.stm32cube.ide.mcu.externaltools.gnu-tools-for-stm32.12.3.rel1.win32_1.0.200.202406191623/tools/bin/../lib/gcc/arm-none-eabi/12.3.1/thumb/v7e-m+fp/hard/crtbegin.o

.rodata         0x08005194       0x3c
                0x08005194                        . = ALIGN (0x4)
 *(.rodata)
 .rodata        0x08005194        0xa ./Core/Src/main.o
 *fill*         0x0800519e        0x2 
 .rodata        0x080051a0        0x5 ./Middlewares/Third_Party/FreeRTOS/Source/tasks.o
 *fill*         0x080051a5        0x3 
 .rodata        0x080051a8        0xd ./Middlewares/Third_Party/FreeRTOS/Source/timers.o
 *(.rodata*)
 *fill*         0x080051b5        0x3 
 .rodata.AHBPrescTable
                0x080051b8       0x10 ./Core/Src/system_stm32f4xx.o
                0x080051b8                AHBPrescTable
 .rodata.APBPrescTable
                0x080051c8        0x8 ./Core/Src/system_stm32f4xx.o
                0x080051c8                APBPrescTable
                0x080051d0                        . = ALIGN (0x4)

.ARM.extab      0x080051d0        0x0
                0x080051d0                        . = ALIGN (0x4)
 *(.ARM.extab* .gnu.linkonce.armextab.*)
                0x080051d0                        . = ALIGN (0x4)

.ARM            0x080051d0        0x8
                0x080051d0                        . = ALIGN (0x4)
                0x080051d0                        __exidx_start = .
 *(.ARM.exidx*)
 .ARM.exidx     0x080051d0        0x8 C:/ST/STM32CubeIDE_1.16.0/STM32CubeIDE/plugins/com.st.stm32cube.ide.mcu.externaltools.gnu-tools-for-stm32.12.3.rel1.win32_1.0.200.202406191623/tools/bin/../lib/gcc/arm-none-eabi/12.3.1/thumb/v7e-m+fp/hard\libgcc.a(_udivmoddi4.o)
                0x080051d8                        __exidx_end = .
                0x080051d8                        . = ALIGN (0x4)

.preinit_array  0x080051d8        0x0
                0x080051d8                        . = ALIGN (0x4)
                0x080051d8                        PROVIDE (__preinit_array_start = .)
 *(.preinit_array*)
                0x080051d8                        PROVIDE (__preinit_array_end = .)
                0x080051d8                        . = ALIGN (0x4)

.init_array     0x080051d8        0x4
                0x080051d8                        . = ALIGN (0x4)
                0x080051d8                        PROVIDE (__init_array_start = .)
 *(SORT_BY_NAME(.init_array.*))
 *(.init_array*)
 .init_array    0x080051d8        0x4 C:/ST/STM32CubeIDE_1.16.0/STM32CubeIDE/plugins/com.st.stm32cube.ide.mcu.externaltools.gnu-tools-for-stm32.12.3.rel1.win32_1.0.200.202406191623/tools/bin/../lib/gcc/arm-none-eabi/12.3.1/thumb/v7e-m+fp/hard/crtbegin.o
                0x080051dc                        PROVIDE (__init_array_end = .)
                0x080051dc                        . = ALIGN (0x4)

.fini_array     0x080051dc        0x4
                0x080051dc                        . = ALIGN (0x4)
                [!provide]                        PROVIDE (__fini_array_start = .)
 *(SORT_BY_NAME(.fini_array.*))
 *(.fini_array*)
 .fini_array    0x080051dc        0x4 C:/ST/STM32CubeIDE_1.16.0/STM32CubeIDE/plugins/com.st.stm32cube.ide.mcu.externaltools.gnu-tools-for-stm32.12.3.rel1.win32_1.0.200.202406191623/tools/bin/../lib/gcc/arm-none-eabi/12.3.1/thumb/v7e-m+fp/hard/crtbegin.o
                [!provide]                        PROVIDE (__fini_array_end = .)
                0x080051e0                        . = ALIGN (0x4)
                0x080051e0                        _sidata = LOADADDR (.data)

.rel.dyn        0x080051e0        0x0
 .rel.iplt      0x080051e0        0x0 C:/ST/STM32CubeIDE_1.16.0/STM32CubeIDE/plugins/com.st.stm32cube.ide.mcu.externaltools.gnu-tools-for-stm32.12.3.rel1.win32_1.0.200.202406191623/tools/bin/../lib/gcc/arm-none-eabi/12.3.1/thumb/v7e-m+fp/hard/crtbegin.o

.data           0x20000000       0x10 load address 0x080051e0
                0x20000000                        . = ALIGN (0x4)
                0x20000000                        _sdata = .
 *(.data)
 *(.data*)
 .data.SystemCoreClock
                0x20000000        0x4 ./Core/Src/system_stm32f4xx.o
                0x20000000                SystemCoreClock
 .data.uwTickPrio
                0x20000004        0x4 ./Drivers/STM32F4xx_HAL_Driver/Src/stm32f4xx_hal.o
                0x20000004                uwTickPrio
 .data.uwTickFreq
                0x20000008        0x1 ./Drivers/STM32F4xx_HAL_Driver/Src/stm32f4xx_hal.o
                0x20000008                uwTickFreq
 *fill*         0x20000009        0x3 
 .data.uxCriticalNesting
                0x2000000c        0x4 ./Middlewares/Third_Party/FreeRTOS/Source/portable/GCC/ARM_CM4F/port.o
 *(.RamFunc)
 *(.RamFunc*)
                0x20000010                        . = ALIGN (0x4)
                0x20000010                        _edata = .
                0x080051f0                        _siccmram = LOADADDR (.ccmram)

.igot.plt       0x20000010        0x0 load address 0x080051f0
 .igot.plt      0x20000010        0x0 C:/ST/STM32CubeIDE_1.16.0/STM32CubeIDE/plugins/com.st.stm32cube.ide.mcu.externaltools.gnu-tools-for-stm32.12.3.rel1.win32_1.0.200.202406191623/tools/bin/../lib/gcc/arm-none-eabi/12.3.1/thumb/v7e-m+fp/hard/crtbegin.o

.ccmram         0x10000000        0x0 load address 0x080051f0
                0x10000000                        . = ALIGN (0x4)
                0x10000000                        _sccmram = .
 *(.ccmram)
 *(.ccmram*)
                0x10000000                        . = ALIGN (0x4)
                0x10000000                        _eccmram = .
                0x10000000                        . = ALIGN (0x4)

.bss            0x20000010     0x5858
                0x20000010                        _sbss = .
                0x20000010                        __bss_start__ = _sbss
 *(.bss)
 .bss           0x20000010       0x1c C:/ST/STM32CubeIDE_1.16.0/STM32CubeIDE/plugins/com.st.stm32cube.ide.mcu.externaltools.gnu-tools-for-stm32.12.3.rel1.win32_1.0.200.202406191623/tools/bin/../lib/gcc/arm-none-eabi/12.3.1/thumb/v7e-m+fp/hard/crtbegin.o
 *(.bss*)
 .bss.xIdleTaskTCBBuffer
                0x2000002c       0x54 ./Core/Src/freertos.o
 .bss.xIdleStack
                0x20000080      0x200 ./Core/Src/freertos.o
 .bss.xTimerTaskTCBBuffer
                0x20000280       0x54 ./Core/Src/freertos.o
 .bss.xTimerStack
                0x200002d4      0x400 ./Core/Src/freertos.o
 .bss.hi2c1     0x200006d4       0x54 ./Core/Src/main.o
                0x200006d4                hi2c1
 .bss.hi2c2     0x20000728       0x54 ./Core/Src/main.o
                0x20000728                hi2c2
 .bss.hrtc      0x2000077c       0x20 ./Core/Src/main.o
                0x2000077c                hrtc
 .bss.handle_led_timer
                0x2000079c       0x10 ./Core/Src/main.o
                0x2000079c                handle_led_timer
 .bss.q_data    0x200007ac        0x4 ./Core/Src/main.o
                0x200007ac                q_data
 .bss.q_print   0x200007b0        0x4 ./Core/Src/main.o
                0x200007b0                q_print
 .bss.uwTick    0x200007b4        0x4 ./Drivers/STM32F4xx_HAL_Driver/Src/stm32f4xx_hal.o
                0x200007b4                uwTick
 .bss.xQueueRegistry
                0x200007b8       0x40 ./Middlewares/Third_Party/FreeRTOS/Source/queue.o
                0x200007b8                xQueueRegistry
 .bss.pxCurrentTCB
                0x200007f8        0x4 ./Middlewares/Third_Party/FreeRTOS/Source/tasks.o
                0x200007f8                pxCurrentTCB
 .bss.pxReadyTasksLists
                0x200007fc       0x8c ./Middlewares/Third_Party/FreeRTOS/Source/tasks.o
 .bss.xDelayedTaskList1
                0x20000888       0x14 ./Middlewares/Third_Party/FreeRTOS/Source/tasks.o
 .bss.xDelayedTaskList2
                0x2000089c       0x14 ./Middlewares/Third_Party/FreeRTOS/Source/tasks.o
 .bss.pxDelayedTaskList
                0x200008b0        0x4 ./Middlewares/Third_Party/FreeRTOS/Source/tasks.o
 .bss.pxOverflowDelayedTaskList
                0x200008b4        0x4 ./Middlewares/Third_Party/FreeRTOS/Source/tasks.o
 .bss.xPendingReadyList
                0x200008b8       0x14 ./Middlewares/Third_Party/FreeRTOS/Source/tasks.o
 .bss.xTasksWaitingTermination
                0x200008cc       0x14 ./Middlewares/Third_Party/FreeRTOS/Source/tasks.o
 .bss.uxDeletedTasksWaitingCleanUp
                0x200008e0        0x4 ./Middlewares/Third_Party/FreeRTOS/Source/tasks.o
 .bss.xSuspendedTaskList
                0x200008e4       0x14 ./Middlewares/Third_Party/FreeRTOS/Source/tasks.o
 .bss.uxCurrentNumberOfTasks
                0x200008f8        0x4 ./Middlewares/Third_Party/FreeRTOS/Source/tasks.o
 .bss.xTickCount
                0x200008fc        0x4 ./Middlewares/Third_Party/FreeRTOS/Source/tasks.o
 .bss.uxTopReadyPriority
                0x20000900        0x4 ./Middlewares/Third_Party/FreeRTOS/Source/tasks.o
 .bss.xSchedulerRunning
                0x20000904        0x4 ./Middlewares/Third_Party/FreeRTOS/Source/tasks.o
 .bss.xPendedTicks
                0x20000908        0x4 ./Middlewares/Third_Party/FreeRTOS/Source/tasks.o
 .bss.xYieldPending
                0x2000090c        0x4 ./Middlewares/Third_Party/FreeRTOS/Source/tasks.o
 .bss.xNumOfOverflows
                0x20000910        0x4 ./Middlewares/Third_Party/FreeRTOS/Source/tasks.o
 .bss.uxTaskNumber
                0x20000914        0x4 ./Middlewares/Third_Party/FreeRTOS/Source/tasks.o
 .bss.xNextTaskUnblockTime
                0x20000918        0x4 ./Middlewares/Third_Party/FreeRTOS/Source/tasks.o
 .bss.xIdleTaskHandle
                0x2000091c        0x4 ./Middlewares/Third_Party/FreeRTOS/Source/tasks.o
 .bss.uxSchedulerSuspended
                0x20000920        0x4 ./Middlewares/Third_Party/FreeRTOS/Source/tasks.o
 .bss.xActiveTimerList1
                0x20000924       0x14 ./Middlewares/Third_Party/FreeRTOS/Source/timers.o
 .bss.xActiveTimerList2
                0x20000938       0x14 ./Middlewares/Third_Party/FreeRTOS/Source/timers.o
 .bss.pxCurrentTimerList
                0x2000094c        0x4 ./Middlewares/Third_Party/FreeRTOS/Source/timers.o
 .bss.pxOverflowTimerList
                0x20000950        0x4 ./Middlewares/Third_Party/FreeRTOS/Source/timers.o
 .bss.xTimerQueue
                0x20000954        0x4 ./Middlewares/Third_Party/FreeRTOS/Source/timers.o
 .bss.xTimerTaskHandle
                0x20000958        0x4 ./Middlewares/Third_Party/FreeRTOS/Source/timers.o
 .bss.xLastTime.2
                0x2000095c        0x4 ./Middlewares/Third_Party/FreeRTOS/Source/timers.o
 .bss.ucStaticTimerQueueStorage.1
                0x20000960       0x78 ./Middlewares/Third_Party/FreeRTOS/Source/timers.o
 .bss.xStaticTimerQueue.0
                0x200009d8       0x48 ./Middlewares/Third_Party/FreeRTOS/Source/timers.o
 .bss.ucMaxSysCallPriority
                0x20000a20        0x1 ./Middlewares/Third_Party/FreeRTOS/Source/portable/GCC/ARM_CM4F/port.o
 *fill*         0x20000a21        0x3 
 .bss.ulMaxPRIGROUPValue
                0x20000a24        0x4 ./Middlewares/Third_Party/FreeRTOS/Source/portable/GCC/ARM_CM4F/port.o
 .bss.ucHeap    0x20000a28     0x4e20 ./Middlewares/Third_Party/FreeRTOS/Source/portable/MemMang/heap_4.o
 .bss.xStart    0x20005848        0x8 ./Middlewares/Third_Party/FreeRTOS/Source/portable/MemMang/heap_4.o
 .bss.pxEnd     0x20005850        0x4 ./Middlewares/Third_Party/FreeRTOS/Source/portable/MemMang/heap_4.o
 .bss.xFreeBytesRemaining
                0x20005854        0x4 ./Middlewares/Third_Party/FreeRTOS/Source/portable/MemMang/heap_4.o
 .bss.xMinimumEverFreeBytesRemaining
                0x20005858        0x4 ./Middlewares/Third_Party/FreeRTOS/Source/portable/MemMang/heap_4.o
 .bss.xNumberOfSuccessfulAllocations
                0x2000585c        0x4 ./Middlewares/Third_Party/FreeRTOS/Source/portable/MemMang/heap_4.o
 .bss.xNumberOfSuccessfulFrees
                0x20005860        0x4 ./Middlewares/Third_Party/FreeRTOS/Source/portable/MemMang/heap_4.o
 .bss.xBlockAllocatedBit
                0x20005864        0x4 ./Middlewares/Third_Party/FreeRTOS/Source/portable/MemMang/heap_4.o
 *(COMMON)
                0x20005868                        . = ALIGN (0x4)
                0x20005868                        _ebss = .
                0x20005868                        __bss_end__ = _ebss

._user_heap_stack
                0x20005868      0x600
                0x20005868                        . = ALIGN (0x8)
                [!provide]                        PROVIDE (end = .)
                0x20005868                        PROVIDE (_end = .)
                0x20005a68                        . = (. + _Min_Heap_Size)
 *fill*         0x20005868      0x200 
                0x20005e68                        . = (. + _Min_Stack_Size)
 *fill*         0x20005a68      0x400 
                0x20005e68                        . = ALIGN (0x8)

/DISCARD/
 libc.a(*)
 libm.a(*)
 libgcc.a(*)

.ARM.attributes
                0x00000000       0x30
 *(.ARM.attributes)
 .ARM.attributes
                0x00000000       0x22 C:/ST/STM32CubeIDE_1.16.0/STM32CubeIDE/plugins/com.st.stm32cube.ide.mcu.externaltools.gnu-tools-for-stm32.12.3.rel1.win32_1.0.200.202406191623/tools/bin/../lib/gcc/arm-none-eabi/12.3.1/thumb/v7e-m+fp/hard/crti.o
 .ARM.attributes
                0x00000022       0x34 C:/ST/STM32CubeIDE_1.16.0/STM32CubeIDE/plugins/com.st.stm32cube.ide.mcu.externaltools.gnu-tools-for-stm32.12.3.rel1.win32_1.0.200.202406191623/tools/bin/../lib/gcc/arm-none-eabi/12.3.1/thumb/v7e-m+fp/hard/crtbegin.o
 .ARM.attributes
                0x00000056       0x34 ./Core/Src/freertos.o
 .ARM.attributes
                0x0000008a       0x34 ./Core/Src/led_effectt.o
 .ARM.attributes
                0x000000be       0x34 ./Core/Src/main.o
 .ARM.attributes
                0x000000f2       0x34 ./Core/Src/stm32f4xx_hal_msp.o
 .ARM.attributes
                0x00000126       0x34 ./Core/Src/stm32f4xx_it.o
 .ARM.attributes
                0x0000015a       0x34 ./Core/Src/system_stm32f4xx.o
 .ARM.attributes
                0x0000018e       0x21 ./Core/Startup/startup_stm32f407vgtx.o
 .ARM.attributes
                0x000001af       0x34 ./Drivers/STM32F4xx_HAL_Driver/Src/stm32f4xx_hal.o
 .ARM.attributes
                0x000001e3       0x34 ./Drivers/STM32F4xx_HAL_Driver/Src/stm32f4xx_hal_cortex.o
 .ARM.attributes
                0x00000217       0x34 ./Drivers/STM32F4xx_HAL_Driver/Src/stm32f4xx_hal_gpio.o
 .ARM.attributes
                0x0000024b       0x34 ./Drivers/STM32F4xx_HAL_Driver/Src/stm32f4xx_hal_i2c.o
 .ARM.attributes
                0x0000027f       0x34 ./Drivers/STM32F4xx_HAL_Driver/Src/stm32f4xx_hal_rcc.o
 .ARM.attributes
                0x000002b3       0x34 ./Drivers/STM32F4xx_HAL_Driver/Src/stm32f4xx_hal_rcc_ex.o
 .ARM.attributes
                0x000002e7       0x34 ./Drivers/STM32F4xx_HAL_Driver/Src/stm32f4xx_hal_rtc.o
 .ARM.attributes
                0x0000031b       0x34 ./Middlewares/Third_Party/FreeRTOS/Source/list.o
 .ARM.attributes
                0x0000034f       0x34 ./Middlewares/Third_Party/FreeRTOS/Source/queue.o
 .ARM.attributes
                0x00000383       0x34 ./Middlewares/Third_Party/FreeRTOS/Source/tasks.o
 .ARM.attributes
                0x000003b7       0x34 ./Middlewares/Third_Party/FreeRTOS/Source/timers.o
 .ARM.attributes
                0x000003eb       0x34 ./Middlewares/Third_Party/FreeRTOS/Source/portable/GCC/ARM_CM4F/port.o
 .ARM.attributes
                0x0000041f       0x34 ./Middlewares/Third_Party/FreeRTOS/Source/portable/MemMang/heap_4.o
 .ARM.attributes
                0x00000453       0x34 C:/ST/STM32CubeIDE_1.16.0/STM32CubeIDE/plugins/com.st.stm32cube.ide.mcu.externaltools.gnu-tools-for-stm32.12.3.rel1.win32_1.0.200.202406191623/tools/bin/../lib/gcc/arm-none-eabi/12.3.1/../../../../arm-none-eabi/lib/thumb/v7e-m+fp/hard\libc_nano.a(libc_a-memset.o)
 .ARM.attributes
                0x00000487       0x34 C:/ST/STM32CubeIDE_1.16.0/STM32CubeIDE/plugins/com.st.stm32cube.ide.mcu.externaltools.gnu-tools-for-stm32.12.3.rel1.win32_1.0.200.202406191623/tools/bin/../lib/gcc/arm-none-eabi/12.3.1/../../../../arm-none-eabi/lib/thumb/v7e-m+fp/hard\libc_nano.a(libc_a-init.o)
 .ARM.attributes
                0x000004bb       0x34 C:/ST/STM32CubeIDE_1.16.0/STM32CubeIDE/plugins/com.st.stm32cube.ide.mcu.externaltools.gnu-tools-for-stm32.12.3.rel1.win32_1.0.200.202406191623/tools/bin/../lib/gcc/arm-none-eabi/12.3.1/../../../../arm-none-eabi/lib/thumb/v7e-m+fp/hard\libc_nano.a(libc_a-memcpy-stub.o)
 .ARM.attributes
                0x000004ef       0x22 C:/ST/STM32CubeIDE_1.16.0/STM32CubeIDE/plugins/com.st.stm32cube.ide.mcu.externaltools.gnu-tools-for-stm32.12.3.rel1.win32_1.0.200.202406191623/tools/bin/../lib/gcc/arm-none-eabi/12.3.1/thumb/v7e-m+fp/hard\libgcc.a(_aeabi_uldivmod.o)
 .ARM.attributes
                0x00000511       0x34 C:/ST/STM32CubeIDE_1.16.0/STM32CubeIDE/plugins/com.st.stm32cube.ide.mcu.externaltools.gnu-tools-for-stm32.12.3.rel1.win32_1.0.200.202406191623/tools/bin/../lib/gcc/arm-none-eabi/12.3.1/thumb/v7e-m+fp/hard\libgcc.a(_udivmoddi4.o)
 .ARM.attributes
                0x00000545       0x22 C:/ST/STM32CubeIDE_1.16.0/STM32CubeIDE/plugins/com.st.stm32cube.ide.mcu.externaltools.gnu-tools-for-stm32.12.3.rel1.win32_1.0.200.202406191623/tools/bin/../lib/gcc/arm-none-eabi/12.3.1/thumb/v7e-m+fp/hard\libgcc.a(_dvmd_tls.o)
 .ARM.attributes
                0x00000567       0x22 C:/ST/STM32CubeIDE_1.16.0/STM32CubeIDE/plugins/com.st.stm32cube.ide.mcu.externaltools.gnu-tools-for-stm32.12.3.rel1.win32_1.0.200.202406191623/tools/bin/../lib/gcc/arm-none-eabi/12.3.1/thumb/v7e-m+fp/hard/crtn.o
OUTPUT(RTC.elf elf32-littlearm)
LOAD linker stubs
LOAD C:/ST/STM32CubeIDE_1.16.0/STM32CubeIDE/plugins/com.st.stm32cube.ide.mcu.externaltools.gnu-tools-for-stm32.12.3.rel1.win32_1.0.200.202406191623/tools/bin/../lib/gcc/arm-none-eabi/12.3.1/../../../../arm-none-eabi/lib/thumb/v7e-m+fp/hard\libc.a
LOAD C:/ST/STM32CubeIDE_1.16.0/STM32CubeIDE/plugins/com.st.stm32cube.ide.mcu.externaltools.gnu-tools-for-stm32.12.3.rel1.win32_1.0.200.202406191623/tools/bin/../lib/gcc/arm-none-eabi/12.3.1/../../../../arm-none-eabi/lib/thumb/v7e-m+fp/hard\libm.a
LOAD C:/ST/STM32CubeIDE_1.16.0/STM32CubeIDE/plugins/com.st.stm32cube.ide.mcu.externaltools.gnu-tools-for-stm32.12.3.rel1.win32_1.0.200.202406191623/tools/bin/../lib/gcc/arm-none-eabi/12.3.1/thumb/v7e-m+fp/hard\libgcc.a

.debug_info     0x00000000     0xdfdf
 .debug_info    0x00000000      0x2eb ./Core/Src/freertos.o
 .debug_info    0x000002eb      0x306 ./Core/Src/led_effectt.o
 .debug_info    0x000005f1     0x1393 ./Core/Src/main.o
 .debug_info    0x00001984     0x1071 ./Core/Src/stm32f4xx_hal_msp.o
 .debug_info    0x000029f5      0x11a ./Core/Src/stm32f4xx_it.o
 .debug_info    0x00002b0f      0x512 ./Core/Src/system_stm32f4xx.o
 .debug_info    0x00003021       0x30 ./Core/Startup/startup_stm32f407vgtx.o
 .debug_info    0x00003051      0x944 ./Drivers/STM32F4xx_HAL_Driver/Src/stm32f4xx_hal.o
 .debug_info    0x00003995      0xd8c ./Drivers/STM32F4xx_HAL_Driver/Src/stm32f4xx_hal_cortex.o
 .debug_info    0x00004721      0x6c3 ./Drivers/STM32F4xx_HAL_Driver/Src/stm32f4xx_hal_gpio.o
 .debug_info    0x00004de4     0x2415 ./Drivers/STM32F4xx_HAL_Driver/Src/stm32f4xx_hal_i2c.o
 .debug_info    0x000071f9      0x8af ./Drivers/STM32F4xx_HAL_Driver/Src/stm32f4xx_hal_rcc.o
 .debug_info    0x00007aa8      0x536 ./Drivers/STM32F4xx_HAL_Driver/Src/stm32f4xx_hal_rcc_ex.o
 .debug_info    0x00007fde      0xc20 ./Drivers/STM32F4xx_HAL_Driver/Src/stm32f4xx_hal_rtc.o
 .debug_info    0x00008bfe      0x2af ./Middlewares/Third_Party/FreeRTOS/Source/list.o
 .debug_info    0x00008ead     0x183b ./Middlewares/Third_Party/FreeRTOS/Source/queue.o
 .debug_info    0x0000a6e8     0x1d11 ./Middlewares/Third_Party/FreeRTOS/Source/tasks.o
 .debug_info    0x0000c3f9     0x1233 ./Middlewares/Third_Party/FreeRTOS/Source/timers.o
 .debug_info    0x0000d62c      0x4de ./Middlewares/Third_Party/FreeRTOS/Source/portable/GCC/ARM_CM4F/port.o
 .debug_info    0x0000db0a      0x4d5 ./Middlewares/Third_Party/FreeRTOS/Source/portable/MemMang/heap_4.o

.debug_abbrev   0x00000000     0x293c
 .debug_abbrev  0x00000000       0xea ./Core/Src/freertos.o
 .debug_abbrev  0x000000ea      0x191 ./Core/Src/led_effectt.o
 .debug_abbrev  0x0000027b      0x31a ./Core/Src/main.o
 .debug_abbrev  0x00000595      0x203 ./Core/Src/stm32f4xx_hal_msp.o
 .debug_abbrev  0x00000798       0x97 ./Core/Src/stm32f4xx_it.o
 .debug_abbrev  0x0000082f      0x11a ./Core/Src/system_stm32f4xx.o
 .debug_abbrev  0x00000949       0x24 ./Core/Startup/startup_stm32f407vgtx.o
 .debug_abbrev  0x0000096d      0x214 ./Drivers/STM32F4xx_HAL_Driver/Src/stm32f4xx_hal.o
 .debug_abbrev  0x00000b81      0x31d ./Drivers/STM32F4xx_HAL_Driver/Src/stm32f4xx_hal_cortex.o
 .debug_abbrev  0x00000e9e      0x1d4 ./Drivers/STM32F4xx_HAL_Driver/Src/stm32f4xx_hal_gpio.o
 .debug_abbrev  0x00001072      0x2ad ./Drivers/STM32F4xx_HAL_Driver/Src/stm32f4xx_hal_i2c.o
 .debug_abbrev  0x0000131f      0x2b7 ./Drivers/STM32F4xx_HAL_Driver/Src/stm32f4xx_hal_rcc.o
 .debug_abbrev  0x000015d6      0x1b0 ./Drivers/STM32F4xx_HAL_Driver/Src/stm32f4xx_hal_rcc_ex.o
 .debug_abbrev  0x00001786      0x1ee ./Drivers/STM32F4xx_HAL_Driver/Src/stm32f4xx_hal_rtc.o
 .debug_abbrev  0x00001974       0xf5 ./Middlewares/Third_Party/FreeRTOS/Source/list.o
 .debug_abbrev  0x00001a69      0x3b6 ./Middlewares/Third_Party/FreeRTOS/Source/queue.o
 .debug_abbrev  0x00001e1f      0x36e ./Middlewares/Third_Party/FreeRTOS/Source/tasks.o
 .debug_abbrev  0x0000218d      0x336 ./Middlewares/Third_Party/FreeRTOS/Source/timers.o
 .debug_abbrev  0x000024c3      0x25c ./Middlewares/Third_Party/FreeRTOS/Source/portable/GCC/ARM_CM4F/port.o
 .debug_abbrev  0x0000271f      0x21d ./Middlewares/Third_Party/FreeRTOS/Source/portable/MemMang/heap_4.o

.debug_aranges  0x00000000      0xd40
 .debug_aranges
                0x00000000       0x28 ./Core/Src/freertos.o
 .debug_aranges
                0x00000028       0x48 ./Core/Src/led_effectt.o
 .debug_aranges
                0x00000070       0x60 ./Core/Src/main.o
 .debug_aranges
                0x000000d0       0x40 ./Core/Src/stm32f4xx_hal_msp.o
 .debug_aranges
                0x00000110       0x50 ./Core/Src/stm32f4xx_it.o
 .debug_aranges
                0x00000160       0x28 ./Core/Src/system_stm32f4xx.o
 .debug_aranges
                0x00000188       0x28 ./Core/Startup/startup_stm32f407vgtx.o
 .debug_aranges
                0x000001b0       0xf0 ./Drivers/STM32F4xx_HAL_Driver/Src/stm32f4xx_hal.o
 .debug_aranges
                0x000002a0      0x130 ./Drivers/STM32F4xx_HAL_Driver/Src/stm32f4xx_hal_cortex.o
 .debug_aranges
                0x000003d0       0x58 ./Drivers/STM32F4xx_HAL_Driver/Src/stm32f4xx_hal_gpio.o
 .debug_aranges
                0x00000428      0x2a8 ./Drivers/STM32F4xx_HAL_Driver/Src/stm32f4xx_hal_i2c.o
 .debug_aranges
                0x000006d0       0x88 ./Drivers/STM32F4xx_HAL_Driver/Src/stm32f4xx_hal_rcc.o
 .debug_aranges
                0x00000758       0x48 ./Drivers/STM32F4xx_HAL_Driver/Src/stm32f4xx_hal_rcc_ex.o
 .debug_aranges
                0x000007a0       0xe8 ./Drivers/STM32F4xx_HAL_Driver/Src/stm32f4xx_hal_rtc.o
 .debug_aranges
                0x00000888       0x40 ./Middlewares/Third_Party/FreeRTOS/Source/list.o
 .debug_aranges
                0x000008c8      0x110 ./Middlewares/Third_Party/FreeRTOS/Source/queue.o
 .debug_aranges
                0x000009d8      0x1c0 ./Middlewares/Third_Party/FreeRTOS/Source/tasks.o
 .debug_aranges
                0x00000b98       0xd0 ./Middlewares/Third_Party/FreeRTOS/Source/timers.o
 .debug_aranges
                0x00000c68       0x80 ./Middlewares/Third_Party/FreeRTOS/Source/portable/GCC/ARM_CM4F/port.o
 .debug_aranges
                0x00000ce8       0x58 ./Middlewares/Third_Party/FreeRTOS/Source/portable/MemMang/heap_4.o

.debug_rnglists
                0x00000000      0xa22
 .debug_rnglists
                0x00000000       0x19 ./Core/Src/freertos.o
 .debug_rnglists
                0x00000019       0x31 ./Core/Src/led_effectt.o
 .debug_rnglists
                0x0000004a       0x47 ./Core/Src/main.o
 .debug_rnglists
                0x00000091       0x2c ./Core/Src/stm32f4xx_hal_msp.o
 .debug_rnglists
                0x000000bd       0x37 ./Core/Src/stm32f4xx_it.o
 .debug_rnglists
                0x000000f4       0x1a ./Core/Src/system_stm32f4xx.o
 .debug_rnglists
                0x0000010e       0x19 ./Core/Startup/startup_stm32f407vgtx.o
 .debug_rnglists
                0x00000127       0xaf ./Drivers/STM32F4xx_HAL_Driver/Src/stm32f4xx_hal.o
 .debug_rnglists
                0x000001d6       0xe0 ./Drivers/STM32F4xx_HAL_Driver/Src/stm32f4xx_hal_cortex.o
 .debug_rnglists
                0x000002b6       0x3f ./Drivers/STM32F4xx_HAL_Driver/Src/stm32f4xx_hal_gpio.o
 .debug_rnglists
                0x000002f5      0x23c ./Drivers/STM32F4xx_HAL_Driver/Src/stm32f4xx_hal_i2c.o
 .debug_rnglists
                0x00000531       0x66 ./Drivers/STM32F4xx_HAL_Driver/Src/stm32f4xx_hal_rcc.o
 .debug_rnglists
                0x00000597       0x35 ./Drivers/STM32F4xx_HAL_Driver/Src/stm32f4xx_hal_rcc_ex.o
 .debug_rnglists
                0x000005cc       0xb4 ./Drivers/STM32F4xx_HAL_Driver/Src/stm32f4xx_hal_rtc.o
 .debug_rnglists
                0x00000680       0x2b ./Middlewares/Third_Party/FreeRTOS/Source/list.o
 .debug_rnglists
                0x000006ab       0xd3 ./Middlewares/Third_Party/FreeRTOS/Source/queue.o
 .debug_rnglists
                0x0000077e      0x165 ./Middlewares/Third_Party/FreeRTOS/Source/tasks.o
 .debug_rnglists
                0x000008e3       0xa0 ./Middlewares/Third_Party/FreeRTOS/Source/timers.o
 .debug_rnglists
                0x00000983       0x5d ./Middlewares/Third_Party/FreeRTOS/Source/portable/GCC/ARM_CM4F/port.o
 .debug_rnglists
                0x000009e0       0x42 ./Middlewares/Third_Party/FreeRTOS/Source/portable/MemMang/heap_4.o

.debug_macro    0x00000000    0x22a1a
 .debug_macro   0x00000000      0x255 ./Core/Src/freertos.o
 .debug_macro   0x00000255      0xab4 ./Core/Src/freertos.o
 .debug_macro   0x00000d09      0x189 ./Core/Src/freertos.o
 .debug_macro   0x00000e92       0x22 ./Core/Src/freertos.o
 .debug_macro   0x00000eb4       0x8e ./Core/Src/freertos.o
 .debug_macro   0x00000f42       0x51 ./Core/Src/freertos.o
 .debug_macro   0x00000f93      0x103 ./Core/Src/freertos.o
 .debug_macro   0x00001096       0x6a ./Core/Src/freertos.o
 .debug_macro   0x00001100      0x1df ./Core/Src/freertos.o
 .debug_macro   0x000012df       0xfd ./Core/Src/freertos.o
 .debug_macro   0x000013dc      0x15a ./Core/Src/freertos.o
 .debug_macro   0x00001536       0xde ./Core/Src/freertos.o
 .debug_macro   0x00001614       0x1c ./Core/Src/freertos.o
 .debug_macro   0x00001630       0x26 ./Core/Src/freertos.o
 .debug_macro   0x00001656      0x4fd ./Core/Src/freertos.o
 .debug_macro   0x00001b53       0xb5 ./Core/Src/freertos.o
 .debug_macro   0x00001c08       0xaa ./Core/Src/freertos.o
 .debug_macro   0x00001cb2      0x29b ./Core/Src/freertos.o
 .debug_macro   0x00001f4d       0x2e ./Core/Src/freertos.o
 .debug_macro   0x00001f7b       0x2f ./Core/Src/freertos.o
 .debug_macro   0x00001faa       0x1c ./Core/Src/freertos.o
 .debug_macro   0x00001fc6       0x22 ./Core/Src/freertos.o
 .debug_macro   0x00001fe8       0xfb ./Core/Src/freertos.o
 .debug_macro   0x000020e3     0x1011 ./Core/Src/freertos.o
 .debug_macro   0x000030f4      0x11f ./Core/Src/freertos.o
 .debug_macro   0x00003213    0x15e97 ./Core/Src/freertos.o
 .debug_macro   0x000190aa       0x6d ./Core/Src/freertos.o
 .debug_macro   0x00019117     0x369a ./Core/Src/freertos.o
 .debug_macro   0x0001c7b1       0x5c ./Core/Src/freertos.o
 .debug_macro   0x0001c80d      0x980 ./Core/Src/freertos.o
 .debug_macro   0x0001d18d      0x9e9 ./Core/Src/freertos.o
 .debug_macro   0x0001db76      0x115 ./Core/Src/freertos.o
 .debug_macro   0x0001dc8b      0x13e ./Core/Src/freertos.o
 .debug_macro   0x0001ddc9       0xa5 ./Core/Src/freertos.o
 .debug_macro   0x0001de6e      0x174 ./Core/Src/freertos.o
 .debug_macro   0x0001dfe2      0x287 ./Core/Src/freertos.o
 .debug_macro   0x0001e269       0x5f ./Core/Src/freertos.o
 .debug_macro   0x0001e2c8      0x236 ./Core/Src/freertos.o
 .debug_macro   0x0001e4fe      0x12c ./Core/Src/freertos.o
 .debug_macro   0x0001e62a      0x21e ./Core/Src/freertos.o
 .debug_macro   0x0001e848       0x2e ./Core/Src/freertos.o
 .debug_macro   0x0001e876      0x1b5 ./Core/Src/freertos.o
 .debug_macro   0x0001ea2b       0xd6 ./Core/Src/freertos.o
 .debug_macro   0x0001eb01      0x127 ./Core/Src/freertos.o
 .debug_macro   0x0001ec28       0x7e ./Core/Src/freertos.o
 .debug_macro   0x0001eca6       0x89 ./Core/Src/freertos.o
 .debug_macro   0x0001ed2f      0x30c ./Core/Src/freertos.o
 .debug_macro   0x0001f03b      0x44b ./Core/Src/freertos.o
 .debug_macro   0x0001f486       0xeb ./Core/Src/freertos.o
 .debug_macro   0x0001f571      0x12d ./Core/Src/freertos.o
 .debug_macro   0x0001f69e      0x26e ./Core/Src/led_effectt.o
 .debug_macro   0x0001f90c       0x91 ./Core/Src/led_effectt.o
 .debug_macro   0x0001f99d      0x3b0 ./Core/Src/main.o
 .debug_macro   0x0001fd4d       0xfd ./Core/Src/main.o
 .debug_macro   0x0001fe4a       0x8d ./Core/Src/main.o
 .debug_macro   0x0001fed7       0x7e ./Core/Src/main.o
 .debug_macro   0x0001ff55       0x19 ./Core/Src/main.o
 .debug_macro   0x0001ff6e       0xf2 ./Core/Src/main.o
 .debug_macro   0x00020060       0x61 ./Core/Src/main.o
 .debug_macro   0x000200c1       0x2a ./Core/Src/main.o
 .debug_macro   0x000200eb       0x43 ./Core/Src/main.o
 .debug_macro   0x0002012e       0x34 ./Core/Src/main.o
 .debug_macro   0x00020162       0x16 ./Core/Src/main.o
 .debug_macro   0x00020178       0x43 ./Core/Src/main.o
 .debug_macro   0x000201bb       0x34 ./Core/Src/main.o
 .debug_macro   0x000201ef       0x10 ./Core/Src/main.o
 .debug_macro   0x000201ff       0x58 ./Core/Src/main.o
 .debug_macro   0x00020257       0x8e ./Core/Src/main.o
 .debug_macro   0x000202e5       0x1c ./Core/Src/main.o
 .debug_macro   0x00020301      0x177 ./Core/Src/main.o
 .debug_macro   0x00020478      0x369 ./Core/Src/main.o
 .debug_macro   0x000207e1       0x10 ./Core/Src/main.o
 .debug_macro   0x000207f1       0x35 ./Core/Src/main.o
 .debug_macro   0x00020826       0x20 ./Core/Src/main.o
 .debug_macro   0x00020846       0x1c ./Core/Src/main.o
 .debug_macro   0x00020862       0x10 ./Core/Src/main.o
 .debug_macro   0x00020872       0x1c ./Core/Src/main.o
 .debug_macro   0x0002088e       0x16 ./Core/Src/main.o
 .debug_macro   0x000208a4      0x146 ./Core/Src/main.o
 .debug_macro   0x000209ea      0x1ed ./Core/Src/stm32f4xx_hal_msp.o
 .debug_macro   0x00020bd7      0x25f ./Core/Src/stm32f4xx_it.o
 .debug_macro   0x00020e36      0x1e3 ./Core/Src/system_stm32f4xx.o
 .debug_macro   0x00021019      0x243 ./Drivers/STM32F4xx_HAL_Driver/Src/stm32f4xx_hal.o
 .debug_macro   0x0002125c      0x1e3 ./Drivers/STM32F4xx_HAL_Driver/Src/stm32f4xx_hal_cortex.o
 .debug_macro   0x0002143f      0x1e9 ./Drivers/STM32F4xx_HAL_Driver/Src/stm32f4xx_hal_gpio.o
 .debug_macro   0x00021628      0x231 ./Drivers/STM32F4xx_HAL_Driver/Src/stm32f4xx_hal_i2c.o
 .debug_macro   0x00021859      0x207 ./Drivers/STM32F4xx_HAL_Driver/Src/stm32f4xx_hal_rcc.o
 .debug_macro   0x00021a60      0x1e3 ./Drivers/STM32F4xx_HAL_Driver/Src/stm32f4xx_hal_rcc_ex.o
 .debug_macro   0x00021c43      0x1e4 ./Drivers/STM32F4xx_HAL_Driver/Src/stm32f4xx_hal_rtc.o
 .debug_macro   0x00021e27      0x187 ./Middlewares/Third_Party/FreeRTOS/Source/list.o
 .debug_macro   0x00021fae      0x216 ./Middlewares/Third_Party/FreeRTOS/Source/queue.o
 .debug_macro   0x000221c4       0x16 ./Middlewares/Third_Party/FreeRTOS/Source/queue.o
 .debug_macro   0x000221da      0x279 ./Middlewares/Third_Party/FreeRTOS/Source/tasks.o
 .debug_macro   0x00022453       0x10 ./Middlewares/Third_Party/FreeRTOS/Source/tasks.o
 .debug_macro   0x00022463      0x1dc ./Middlewares/Third_Party/FreeRTOS/Source/timers.o
 .debug_macro   0x0002263f       0x97 ./Middlewares/Third_Party/FreeRTOS/Source/timers.o
 .debug_macro   0x000226d6      0x196 ./Middlewares/Third_Party/FreeRTOS/Source/portable/GCC/ARM_CM4F/port.o
 .debug_macro   0x0002286c      0x1ae ./Middlewares/Third_Party/FreeRTOS/Source/portable/MemMang/heap_4.o

.debug_line     0x00000000    0x11744
 .debug_line    0x00000000      0x885 ./Core/Src/freertos.o
 .debug_line    0x00000885      0x98f ./Core/Src/led_effectt.o
 .debug_line    0x00001214      0xcae ./Core/Src/main.o
 .debug_line    0x00001ec2      0x836 ./Core/Src/stm32f4xx_hal_msp.o
 .debug_line    0x000026f8      0x910 ./Core/Src/stm32f4xx_it.o
 .debug_line    0x00003008      0x7ec ./Core/Src/system_stm32f4xx.o
 .debug_line    0x000037f4       0x7a ./Core/Startup/startup_stm32f407vgtx.o
 .debug_line    0x0000386e      0xa55 ./Drivers/STM32F4xx_HAL_Driver/Src/stm32f4xx_hal.o
 .debug_line    0x000042c3      0xd47 ./Drivers/STM32F4xx_HAL_Driver/Src/stm32f4xx_hal_cortex.o
 .debug_line    0x0000500a      0xbe1 ./Drivers/STM32F4xx_HAL_Driver/Src/stm32f4xx_hal_gpio.o
 .debug_line    0x00005beb     0x3b9b ./Drivers/STM32F4xx_HAL_Driver/Src/stm32f4xx_hal_i2c.o
 .debug_line    0x00009786      0xdde ./Drivers/STM32F4xx_HAL_Driver/Src/stm32f4xx_hal_rcc.o
 .debug_line    0x0000a564      0xa69 ./Drivers/STM32F4xx_HAL_Driver/Src/stm32f4xx_hal_rcc_ex.o
 .debug_line    0x0000afcd     0x1139 ./Drivers/STM32F4xx_HAL_Driver/Src/stm32f4xx_hal_rtc.o
 .debug_line    0x0000c106      0x796 ./Middlewares/Third_Party/FreeRTOS/Source/list.o
 .debug_line    0x0000c89c     0x155e ./Middlewares/Third_Party/FreeRTOS/Source/queue.o
 .debug_line    0x0000ddfa     0x19f5 ./Middlewares/Third_Party/FreeRTOS/Source/tasks.o
 .debug_line    0x0000f7ef      0xd5b ./Middlewares/Third_Party/FreeRTOS/Source/timers.o
 .debug_line    0x0001054a      0x839 ./Middlewares/Third_Party/FreeRTOS/Source/portable/GCC/ARM_CM4F/port.o
 .debug_line    0x00010d83      0x9c1 ./Middlewares/Third_Party/FreeRTOS/Source/portable/MemMang/heap_4.o

.debug_str      0x00000000    0xd14c8
 .debug_str     0x00000000    0xc5e59 ./Core/Src/freertos.o
                              0xc611b (size before relaxing)
 .debug_str     0x000c5e59      0x8bc ./Core/Src/led_effectt.o
                              0xc680e (size before relaxing)
 .debug_str     0x000c6715     0x5d35 ./Core/Src/main.o
                              0xcc5c2 (size before relaxing)
 .debug_str     0x000cc44a      0x609 ./Core/Src/stm32f4xx_hal_msp.o
                              0xc2fd6 (size before relaxing)
 .debug_str     0x000cca53       0xd9 ./Core/Src/stm32f4xx_it.o
                              0xc5ff9 (size before relaxing)
 .debug_str     0x000ccb2c       0xdb ./Core/Src/system_stm32f4xx.o
                              0xc22f9 (size before relaxing)
 .debug_str     0x000ccc07       0x44 ./Core/Startup/startup_stm32f407vgtx.o
                                 0x70 (size before relaxing)
 .debug_str     0x000ccc4b      0x60d ./Drivers/STM32F4xx_HAL_Driver/Src/stm32f4xx_hal.o
                              0xc2e7d (size before relaxing)
 .debug_str     0x000cd258      0x38d ./Drivers/STM32F4xx_HAL_Driver/Src/stm32f4xx_hal_cortex.o
                              0xc2bf9 (size before relaxing)
 .debug_str     0x000cd5e5      0x10e ./Drivers/STM32F4xx_HAL_Driver/Src/stm32f4xx_hal_gpio.o
                              0xc2474 (size before relaxing)
 .debug_str     0x000cd6f3      0xb68 ./Drivers/STM32F4xx_HAL_Driver/Src/stm32f4xx_hal_i2c.o
                              0xc3317 (size before relaxing)
 .debug_str     0x000ce25b      0x213 ./Drivers/STM32F4xx_HAL_Driver/Src/stm32f4xx_hal_rcc.o
                              0xc272d (size before relaxing)
 .debug_str     0x000ce46e       0xf9 ./Drivers/STM32F4xx_HAL_Driver/Src/stm32f4xx_hal_rcc_ex.o
                              0xc244b (size before relaxing)
 .debug_str     0x000ce567      0x230 ./Drivers/STM32F4xx_HAL_Driver/Src/stm32f4xx_hal_rtc.o
                              0xc2768 (size before relaxing)
 .debug_str     0x000ce797      0x20f ./Middlewares/Third_Party/FreeRTOS/Source/list.o
                               0xab28 (size before relaxing)
 .debug_str     0x000ce9a6      0xa9e ./Middlewares/Third_Party/FreeRTOS/Source/queue.o
                               0xc50c (size before relaxing)
 .debug_str     0x000cf444     0x10c3 ./Middlewares/Third_Party/FreeRTOS/Source/tasks.o
                               0xcedb (size before relaxing)
 .debug_str     0x000d0507      0x51a ./Middlewares/Third_Party/FreeRTOS/Source/timers.o
                               0xca82 (size before relaxing)
 .debug_str     0x000d0a21      0x783 ./Middlewares/Third_Party/FreeRTOS/Source/portable/GCC/ARM_CM4F/port.o
                               0x8771 (size before relaxing)
 .debug_str     0x000d11a4      0x324 ./Middlewares/Third_Party/FreeRTOS/Source/portable/MemMang/heap_4.o
                               0xb46a (size before relaxing)

.comment        0x00000000       0x43
 .comment       0x00000000       0x43 ./Core/Src/freertos.o
                                 0x44 (size before relaxing)
 .comment       0x00000043       0x44 ./Core/Src/led_effectt.o
 .comment       0x00000043       0x44 ./Core/Src/main.o
 .comment       0x00000043       0x44 ./Core/Src/stm32f4xx_hal_msp.o
 .comment       0x00000043       0x44 ./Core/Src/stm32f4xx_it.o
 .comment       0x00000043       0x44 ./Core/Src/system_stm32f4xx.o
 .comment       0x00000043       0x44 ./Drivers/STM32F4xx_HAL_Driver/Src/stm32f4xx_hal.o
 .comment       0x00000043       0x44 ./Drivers/STM32F4xx_HAL_Driver/Src/stm32f4xx_hal_cortex.o
 .comment       0x00000043       0x44 ./Drivers/STM32F4xx_HAL_Driver/Src/stm32f4xx_hal_gpio.o
 .comment       0x00000043       0x44 ./Drivers/STM32F4xx_HAL_Driver/Src/stm32f4xx_hal_i2c.o
 .comment       0x00000043       0x44 ./Drivers/STM32F4xx_HAL_Driver/Src/stm32f4xx_hal_rcc.o
 .comment       0x00000043       0x44 ./Drivers/STM32F4xx_HAL_Driver/Src/stm32f4xx_hal_rcc_ex.o
 .comment       0x00000043       0x44 ./Drivers/STM32F4xx_HAL_Driver/Src/stm32f4xx_hal_rtc.o
 .comment       0x00000043       0x44 ./Middlewares/Third_Party/FreeRTOS/Source/list.o
 .comment       0x00000043       0x44 ./Middlewares/Third_Party/FreeRTOS/Source/queue.o
 .comment       0x00000043       0x44 ./Middlewares/Third_Party/FreeRTOS/Source/tasks.o
 .comment       0x00000043       0x44 ./Middlewares/Third_Party/FreeRTOS/Source/timers.o
 .comment       0x00000043       0x44 ./Middlewares/Third_Party/FreeRTOS/Source/portable/GCC/ARM_CM4F/port.o
 .comment       0x00000043       0x44 ./Middlewares/Third_Party/FreeRTOS/Source/portable/MemMang/heap_4.o

.debug_frame    0x00000000     0x35a0
 .debug_frame   0x00000000       0x60 ./Core/Src/freertos.o
 .debug_frame   0x00000060       0xec ./Core/Src/led_effectt.o
 .debug_frame   0x0000014c      0x134 ./Core/Src/main.o
 .debug_frame   0x00000280       0xc8 ./Core/Src/stm32f4xx_hal_msp.o
 .debug_frame   0x00000348       0xc4 ./Core/Src/stm32f4xx_it.o
 .debug_frame   0x0000040c       0x58 ./Core/Src/system_stm32f4xx.o
 .debug_frame   0x00000464      0x374 ./Drivers/STM32F4xx_HAL_Driver/Src/stm32f4xx_hal.o
 .debug_frame   0x000007d8      0x508 ./Drivers/STM32F4xx_HAL_Driver/Src/stm32f4xx_hal_cortex.o
 .debug_frame   0x00000ce0      0x14c ./Drivers/STM32F4xx_HAL_Driver/Src/stm32f4xx_hal_gpio.o
 .debug_frame   0x00000e2c      0xc84 ./Drivers/STM32F4xx_HAL_Driver/Src/stm32f4xx_hal_i2c.o
 .debug_frame   0x00001ab0      0x1f4 ./Drivers/STM32F4xx_HAL_Driver/Src/stm32f4xx_hal_rcc.o
 .debug_frame   0x00001ca4       0xf0 ./Drivers/STM32F4xx_HAL_Driver/Src/stm32f4xx_hal_rcc_ex.o
 .debug_frame   0x00001d94      0x3f4 ./Drivers/STM32F4xx_HAL_Driver/Src/stm32f4xx_hal_rtc.o
 .debug_frame   0x00002188       0xd8 ./Middlewares/Third_Party/FreeRTOS/Source/list.o
 .debug_frame   0x00002260      0x490 ./Middlewares/Third_Party/FreeRTOS/Source/queue.o
 .debug_frame   0x000026f0      0x7a0 ./Middlewares/Third_Party/FreeRTOS/Source/tasks.o
 .debug_frame   0x00002e90      0x368 ./Middlewares/Third_Party/FreeRTOS/Source/timers.o
 .debug_frame   0x000031f8      0x1a8 ./Middlewares/Third_Party/FreeRTOS/Source/portable/GCC/ARM_CM4F/port.o
 .debug_frame   0x000033a0      0x12c ./Middlewares/Third_Party/FreeRTOS/Source/portable/MemMang/heap_4.o
 .debug_frame   0x000034cc       0x20 C:/ST/STM32CubeIDE_1.16.0/STM32CubeIDE/plugins/com.st.stm32cube.ide.mcu.externaltools.gnu-tools-for-stm32.12.3.rel1.win32_1.0.200.202406191623/tools/bin/../lib/gcc/arm-none-eabi/12.3.1/../../../../arm-none-eabi/lib/thumb/v7e-m+fp/hard\libc_nano.a(libc_a-memset.o)
 .debug_frame   0x000034ec       0x2c C:/ST/STM32CubeIDE_1.16.0/STM32CubeIDE/plugins/com.st.stm32cube.ide.mcu.externaltools.gnu-tools-for-stm32.12.3.rel1.win32_1.0.200.202406191623/tools/bin/../lib/gcc/arm-none-eabi/12.3.1/../../../../arm-none-eabi/lib/thumb/v7e-m+fp/hard\libc_nano.a(libc_a-init.o)
 .debug_frame   0x00003518       0x28 C:/ST/STM32CubeIDE_1.16.0/STM32CubeIDE/plugins/com.st.stm32cube.ide.mcu.externaltools.gnu-tools-for-stm32.12.3.rel1.win32_1.0.200.202406191623/tools/bin/../lib/gcc/arm-none-eabi/12.3.1/../../../../arm-none-eabi/lib/thumb/v7e-m+fp/hard\libc_nano.a(libc_a-memcpy-stub.o)
 .debug_frame   0x00003540       0x2c C:/ST/STM32CubeIDE_1.16.0/STM32CubeIDE/plugins/com.st.stm32cube.ide.mcu.externaltools.gnu-tools-for-stm32.12.3.rel1.win32_1.0.200.202406191623/tools/bin/../lib/gcc/arm-none-eabi/12.3.1/thumb/v7e-m+fp/hard\libgcc.a(_aeabi_uldivmod.o)
 .debug_frame   0x0000356c       0x34 C:/ST/STM32CubeIDE_1.16.0/STM32CubeIDE/plugins/com.st.stm32cube.ide.mcu.externaltools.gnu-tools-for-stm32.12.3.rel1.win32_1.0.200.202406191623/tools/bin/../lib/gcc/arm-none-eabi/12.3.1/thumb/v7e-m+fp/hard\libgcc.a(_udivmoddi4.o)

.debug_line_str
                0x00000000       0x54
 .debug_line_str
                0x00000000       0x54 ./Core/Startup/startup_stm32f407vgtx.o
