../Core/Src/led_effectt.c:17:13:led_effect_stop	24	static
../Core/Src/led_effectt.c:21:12:led_effect	32	static
../Core/Src/led_effectt.c:25:13:turn_off_all_led	16	static
../Core/Src/led_effectt.c:29:13:turn_on_all_led	16	static
../Core/Src/led_effectt.c:33:13:turn_on_even_led	16	static
../Core/Src/led_effectt.c:42:13:turn_on_odd_led	16	static
../Core/Src/led_effectt.c:52:13:led_effect1	8	static
../Core/Src/led_effectt.c:56:13:led_effect2	8	static
../Core/Src/led_effectt.c:60:13:led_effect3	16	static
../Core/Src/led_effectt.c:68:13:led_effect4	16	static
../Core/Src/main.c:83:5:main	24	static
../Core/Src/main.c:176:6:SystemClock_Config	88	static
../Core/Src/main.c:224:13:MX_I2C1_Init	8	static
../Core/Src/main.c:258:13:MX_I2C2_Init	8	static
../Core/Src/main.c:292:13:MX_RTC_Init	72	static
../Core/Src/main.c:374:13:MX_GPIO_Init	48	static
../Core/Src/main.c:402:6:led_effect_callback	24	static
../Core/Src/main.c:455:6:Error_Handler	4	static,ignoring_inline_asm
